Archive member included because of file (symbol)

c:\Users\mua30.BARKER\AppData\Roaming\Code\User\globalStorage\vexrobotics.vexcode\sdk\cpp\IQ2\IQ2_20231003_10_00_00/vexiq2\libviq2rt.a(iq2_startup.c.o)
                              (vexStartup)
c:\Users\mua30.BARKER\AppData\Roaming\Code\User\globalStorage\vexrobotics.vexcode\sdk\cpp\IQ2\IQ2_20231003_10_00_00/vexiq2\libviq2rt.a(iq2_apijump.c.o)
                              c:\Users\mua30.BARKER\AppData\Roaming\Code\User\globalStorage\vexrobotics.vexcode\sdk\cpp\IQ2\IQ2_20231003_10_00_00/vexiq2\libviq2rt.a(iq2_startup.c.o) (vexTaskAdd)
c:\Users\mua30.BARKER\AppData\Roaming\Code\User\globalStorage\vexrobotics.vexcode\sdk\cpp\IQ2\IQ2_20231003_10_00_00/vexiq2\libviq2rt.a(iq2_apiversions.c.o)
                              c:\Users\mua30.BARKER\AppData\Roaming\Code\User\globalStorage\vexrobotics.vexcode\sdk\cpp\IQ2\IQ2_20231003_10_00_00/vexiq2\libviq2rt.a(iq2_apijump.c.o) (vexSystemVersion)
c:\Users\mua30.BARKER\AppData\Roaming\Code\User\globalStorage\vexrobotics.vexcode\sdk\cpp\IQ2\IQ2_20231003_10_00_00/vexiq2\libviq2rt.a(vex_global.cpp.o)
                              build/src/main.o (vex::wait(double, vex::timeUnits))
c:\Users\mua30.BARKER\AppData\Roaming\Code\User\globalStorage\vexrobotics.vexcode\sdk\cpp\IQ2\IQ2_20231003_10_00_00/vexiq2\libviq2rt.a(vex_color.cpp.o)
                              c:\Users\mua30.BARKER\AppData\Roaming\Code\User\globalStorage\vexrobotics.vexcode\sdk\cpp\IQ2\IQ2_20231003_10_00_00/vexiq2\libviq2rt.a(vex_global.cpp.o) (vex::color::red_orange)
c:\Users\mua30.BARKER\AppData\Roaming\Code\User\globalStorage\vexrobotics.vexcode\sdk\cpp\IQ2\IQ2_20231003_10_00_00/vexiq2\libviq2rt.a(vex_task.cpp.o)
                              build/src/main.o (vex::task::task(int (*)()))
c:\Users\mua30.BARKER\AppData\Roaming\Code\User\globalStorage\vexrobotics.vexcode\sdk\cpp\IQ2\IQ2_20231003_10_00_00/vexiq2\libviq2rt.a(vex_thread.cpp.o)
                              c:\Users\mua30.BARKER\AppData\Roaming\Code\User\globalStorage\vexrobotics.vexcode\sdk\cpp\IQ2\IQ2_20231003_10_00_00/vexiq2\libviq2rt.a(vex_global.cpp.o) (vex::this_thread::sleep_for(unsigned long))
c:\Users\mua30.BARKER\AppData\Roaming\Code\User\globalStorage\vexrobotics.vexcode\sdk\cpp\IQ2\IQ2_20231003_10_00_00/vexiq2\libviq2rt.a(vex_brain.cpp.o)
                              build/src/main.o (vex::brain::~brain())
c:\Users\mua30.BARKER\AppData\Roaming\Code\User\globalStorage\vexrobotics.vexcode\sdk\cpp\IQ2\IQ2_20231003_10_00_00/vexiq2\libviq2rt.a(vex_timer.cpp.o)
                              c:\Users\mua30.BARKER\AppData\Roaming\Code\User\globalStorage\vexrobotics.vexcode\sdk\cpp\IQ2\IQ2_20231003_10_00_00/vexiq2\libviq2rt.a(vex_brain.cpp.o) (vex::timer::~timer())
c:\Users\mua30.BARKER\AppData\Roaming\Code\User\globalStorage\vexrobotics.vexcode\sdk\cpp\IQ2\IQ2_20231003_10_00_00/vexiq2\libviq2rt.a(vex_motor.cpp.o)
                              build/src/main.o (vex::motor::~motor())
c:\Users\mua30.BARKER\AppData\Roaming\Code\User\globalStorage\vexrobotics.vexcode\sdk\cpp\IQ2\IQ2_20231003_10_00_00/vexiq2\libviq2rt.a(vex_imu.cpp.o)
                              build/src/main.o (vex::inertial::~inertial())
c:\Users\mua30.BARKER\AppData\Roaming\Code\User\globalStorage\vexrobotics.vexcode\sdk\cpp\IQ2\IQ2_20231003_10_00_00/vexiq2\libviq2rt.a(vex_distance.cpp.o)
                              build/src/main.o (vex::distance::distance(long))
c:\Users\mua30.BARKER\AppData\Roaming\Code\User\globalStorage\vexrobotics.vexcode\sdk\cpp\IQ2\IQ2_20231003_10_00_00/vexiq2\libviq2rt.a(vex_pneumatic.cpp.o)
                              build/src/main.o (vex::pneumatic::pneumatic(long, bool))
c:\Users\mua30.BARKER\AppData\Roaming\Code\User\globalStorage\vexrobotics.vexcode\sdk\cpp\IQ2\IQ2_20231003_10_00_00/vexiq2\libviq2rt.a(vex_controller.cpp.o)
                              build/src/main.o (vex::controller::controller())
c:\Users\mua30.BARKER\AppData\Roaming\Code\User\globalStorage\vexrobotics.vexcode\sdk\cpp\IQ2\IQ2_20231003_10_00_00/vexiq2\libviq2rt.a(vex_event.cpp.o)
                              c:\Users\mua30.BARKER\AppData\Roaming\Code\User\globalStorage\vexrobotics.vexcode\sdk\cpp\IQ2\IQ2_20231003_10_00_00/vexiq2\libviq2rt.a(vex_brain.cpp.o) (vex::event::init(unsigned long, unsigned long, void (*)()))
c:\Users\mua30.BARKER\AppData\Roaming\Code\User\globalStorage\vexrobotics.vexcode\sdk\cpp\IQ2\IQ2_20231003_10_00_00/vexiq2\libviq2rt.a(vex_device.cpp.o)
                              c:\Users\mua30.BARKER\AppData\Roaming\Code\User\globalStorage\vexrobotics.vexcode\sdk\cpp\IQ2\IQ2_20231003_10_00_00/vexiq2\libviq2rt.a(vex_pneumatic.cpp.o) (vex::device::value())
c:\Users\mua30.BARKER\AppData\Roaming\Code\User\globalStorage\vexrobotics.vexcode\sdk\cpp\IQ2\IQ2_20231003_10_00_00/vexiq2/gcc/libs\libc_nano.a(lib_a-aeabi_atexit.o)
[...]
Memory Configuration

Name             Origin             Length             Attributes
SRAM_1_2_3       0x20010000         0x00018000         xrw
*default*        0x00000000         0xffffffff

Linker script and memory map

                0x00000020                _STACK_SIZE = DEFINED (_STACK_SIZE)?_STACK_SIZE:0x20
                0x00001000                _HEAP_SIZE = DEFINED (_HEAP_SIZE)?_HEAP_SIZE:0x1000

.text           0x20010000     0x2a24
 *(.vectors)
 *(.boot_data)
 .boot_data     0x20010000       0x10 c:\Users\mua30.BARKER\AppData\Roaming\Code\User\globalStorage\vexrobotics.vexcode\sdk\cpp\IQ2\IQ2_20231003_10_00_00/vexiq2\libviq2rt.a(iq2_startup.c.o)
                0x20010000                vexCodeSig
                0x00000020                . = 0x20
 *fill*         0x20010010       0x10 
 *(.boot)
 .boot          0x20010020       0x64 c:\Users\mua30.BARKER\AppData\Roaming\Code\User\globalStorage\vexrobotics.vexcode\sdk\cpp\IQ2\IQ2_20231003_10_00_00/vexiq2\libviq2rt.a(iq2_startup.c.o)
                0x20010020                vexStartup
                0x200100c0                . = ALIGN (0x40)
 *fill*         0x20010084       0x3c 
 *(.freertos_vectors)
 *(.text)
 .text          0x200100c0      0x378 c:\Users\mua30.BARKER\AppData\Roaming\Code\User\globalStorage\vexrobotics.vexcode\sdk\cpp\IQ2\IQ2_20231003_10_00_00/vexiq2/gcc/libs\libgcc.a(_arm_addsubdf3.o)
                0x200100c0                __aeabi_drsub
                0x200100c8                __aeabi_dsub
                0x200100c8                __subdf3
                0x200100cc                __aeabi_dadd
                0x200100cc                __adddf3
                0x20010344                __floatunsidf
                0x20010344                __aeabi_ui2d
                0x20010364                __floatsidf
                0x20010364                __aeabi_i2d
                0x20010388                __aeabi_f2d
                0x20010388                __extendsfdf2
                0x200103cc                __floatundidf
                0x200103cc                __aeabi_ul2d
                0x200103dc                __floatdidf
                0x200103dc                __aeabi_l2d
 .text          0x20010438      0x424 c:\Users\mua30.BARKER\AppData\Roaming\Code\User\globalStorage\vexrobotics.vexcode\sdk\cpp\IQ2\IQ2_20231003_10_00_00/vexiq2/gcc/libs\libgcc.a(_arm_muldivdf3.o)
                0x20010438                __aeabi_dmul
                0x20010438                __muldf3
                0x2001068c                __divdf3
                0x2001068c                __aeabi_ddiv
 .text          0x2001085c      0x110 c:\Users\mua30.BARKER\AppData\Roaming\Code\User\globalStorage\vexrobotics.vexcode\sdk\cpp\IQ2\IQ2_20231003_10_00_00/vexiq2/gcc/libs\libgcc.a(_arm_cmpdf2.o)
                0x2001085c                __gtdf2
                0x2001085c                __gedf2
                0x20010864                __ltdf2
                0x20010864                __ledf2
                0x2001086c                __nedf2
                0x2001086c                __eqdf2
                0x2001086c                __cmpdf2
                0x200108e8                __aeabi_cdrcmple
                0x200108f8                __aeabi_cdcmpeq
                0x200108f8                __aeabi_cdcmple
                0x20010908                __aeabi_dcmpeq
                0x2001091c                __aeabi_dcmplt
                0x20010930                __aeabi_dcmple
                0x20010944                __aeabi_dcmpge
                0x20010958                __aeabi_dcmpgt
 .text          0x2001096c       0x2c c:\Users\mua30.BARKER\AppData\Roaming\Code\User\globalStorage\vexrobotics.vexcode\sdk\cpp\IQ2\IQ2_20231003_10_00_00/vexiq2/gcc/libs\libgcc.a(_arm_unorddf2.o)
                0x2001096c                __unorddf2
                0x2001096c                __aeabi_dcmpun
 .text          0x20010998       0x50 c:\Users\mua30.BARKER\AppData\Roaming\Code\User\globalStorage\vexrobotics.vexcode\sdk\cpp\IQ2\IQ2_20231003_10_00_00/vexiq2/gcc/libs\libgcc.a(_arm_fixdfsi.o)
                0x20010998                __aeabi_d2iz
                0x20010998                __fixdfsi
 *(.text.*)
 .text._Z5setupv
                0x200109e8      0x1b8 build/src/main.o
                0x200109e8                setup()
 .text._Z11liftControlv
                0x20010ba0      0x4d0 build/src/main.o
                0x20010ba0                liftControl()
 .text._Z12driveControlff
                0x20011070       0xe0 build/src/main.o
                0x20011070                driveControl(float, float)
 .text.main     0x20011150       0x40 build/src/main.o
                0x20011150                main
 .text._GLOBAL__sub_I_main.cpp
                0x20011190      0x182 build/src/main.o
 *fill*         0x20011312        0x2 
 .text.vexMain  0x20011314       0x60 c:\Users\mua30.BARKER\AppData\Roaming\Code\User\globalStorage\vexrobotics.vexcode\sdk\cpp\IQ2\IQ2_20231003_10_00_00/vexiq2\libviq2rt.a(iq2_startup.c.o)
                0x20011314                vexMain
 .text.__vex_function_prolog
                0x20011374       0x10 c:\Users\mua30.BARKER\AppData\Roaming\Code\User\globalStorage\vexrobotics.vexcode\sdk\cpp\IQ2\IQ2_20231003_10_00_00/vexiq2\libviq2rt.a(iq2_startup.c.o)
                0x20011374                __vex_function_prolog
 .text._init    0x20011384        0x2 c:\Users\mua30.BARKER\AppData\Roaming\Code\User\globalStorage\vexrobotics.vexcode\sdk\cpp\IQ2\IQ2_20231003_10_00_00/vexiq2\libviq2rt.a(iq2_startup.c.o)
                0x20011384                _init
 .text.__cxa_atexit
                0x20011386        0x4 c:\Users\mua30.BARKER\AppData\Roaming\Code\User\globalStorage\vexrobotics.vexcode\sdk\cpp\IQ2\IQ2_20231003_10_00_00/vexiq2\libviq2rt.a(iq2_startup.c.o)
                0x20011386                __cxa_atexit
 *fill*         0x2001138a        0x2 
 .text.vexTaskAdd
                0x2001138c        0xc c:\Users\mua30.BARKER\AppData\Roaming\Code\User\globalStorage\vexrobotics.vexcode\sdk\cpp\IQ2\IQ2_20231003_10_00_00/vexiq2\libviq2rt.a(iq2_apijump.c.o)
                0x2001138c                vexTaskAdd
 .text.vexTaskCheckTimeslice
                0x20011398        0xc c:\Users\mua30.BARKER\AppData\Roaming\Code\User\globalStorage\vexrobotics.vexcode\sdk\cpp\IQ2\IQ2_20231003_10_00_00/vexiq2\libviq2rt.a(iq2_apijump.c.o)
                0x20011398                vexTaskCheckTimeslice
 .text.vexTaskSleep
                0x200113a4        0xc c:\Users\mua30.BARKER\AppData\Roaming\Code\User\globalStorage\vexrobotics.vexcode\sdk\cpp\IQ2\IQ2_20231003_10_00_00/vexiq2\libviq2rt.a(iq2_apijump.c.o)
                0x200113a4                vexTaskSleep
 .text.vexTasksDump
                0x200113b0       0x18 c:\Users\mua30.BARKER\AppData\Roaming\Code\User\globalStorage\vexrobotics.vexcode\sdk\cpp\IQ2\IQ2_20231003_10_00_00/vexiq2\libviq2rt.a(iq2_apijump.c.o)
                0x200113b0                vexTasksDump
 .text.vexTaskGetTaskIndex
                0x200113c8        0xc c:\Users\mua30.BARKER\AppData\Roaming\Code\User\globalStorage\vexrobotics.vexcode\sdk\cpp\IQ2\IQ2_20231003_10_00_00/vexiq2\libviq2rt.a(iq2_apijump.c.o)
                0x200113c8                vexTaskGetTaskIndex
 .text.vexTaskCompletionIdSet
                0x200113d4        0xc c:\Users\mua30.BARKER\AppData\Roaming\Code\User\globalStorage\vexrobotics.vexcode\sdk\cpp\IQ2\IQ2_20231003_10_00_00/vexiq2\libviq2rt.a(iq2_apijump.c.o)
                0x200113d4                vexTaskCompletionIdSet
 .text.vexCriticalSection
                0x200113e0        0xc c:\Users\mua30.BARKER\AppData\Roaming\Code\User\globalStorage\vexrobotics.vexcode\sdk\cpp\IQ2\IQ2_20231003_10_00_00/vexiq2\libviq2rt.a(iq2_apijump.c.o)
                0x200113e0                vexCriticalSection
 .text.vexDisplayContextSwitch
                0x200113ec        0xc c:\Users\mua30.BARKER\AppData\Roaming\Code\User\globalStorage\vexrobotics.vexcode\sdk\cpp\IQ2\IQ2_20231003_10_00_00/vexiq2\libviq2rt.a(iq2_apijump.c.o)
                0x200113ec                vexDisplayContextSwitch
 .text.vexEventUserIndexGet
                0x200113f8       0x18 c:\Users\mua30.BARKER\AppData\Roaming\Code\User\globalStorage\vexrobotics.vexcode\sdk\cpp\IQ2\IQ2_20231003_10_00_00/vexiq2\libviq2rt.a(iq2_apijump.c.o)
                0x200113f8                vexEventUserIndexGet
 .text.vexDebug
                0x20011410       0x2c c:\Users\mua30.BARKER\AppData\Roaming\Code\User\globalStorage\vexrobotics.vexcode\sdk\cpp\IQ2\IQ2_20231003_10_00_00/vexiq2\libviq2rt.a(iq2_apijump.c.o)
                0x20011410                vexDebug
 .text.vex_sprintf
                0x2001143c       0x30 c:\Users\mua30.BARKER\AppData\Roaming\Code\User\globalStorage\vexrobotics.vexcode\sdk\cpp\IQ2\IQ2_20231003_10_00_00/vexiq2\libviq2rt.a(iq2_apijump.c.o)
                0x2001143c                vex_sprintf
 .text.vex_vsnprintf
                0x2001146c       0x2c c:\Users\mua30.BARKER\AppData\Roaming\Code\User\globalStorage\vexrobotics.vexcode\sdk\cpp\IQ2\IQ2_20231003_10_00_00/vexiq2\libviq2rt.a(iq2_apijump.c.o)
                0x2001146c                vex_vsnprintf
 .text.vexSystemTimeGet
                0x20011498       0x18 c:\Users\mua30.BARKER\AppData\Roaming\Code\User\globalStorage\vexrobotics.vexcode\sdk\cpp\IQ2\IQ2_20231003_10_00_00/vexiq2\libviq2rt.a(iq2_apijump.c.o)
                0x20011498                vexSystemTimeGet
 .text.vexDeviceGetByIndex
                0x200114b0       0x1c c:\Users\mua30.BARKER\AppData\Roaming\Code\User\globalStorage\vexrobotics.vexcode\sdk\cpp\IQ2\IQ2_20231003_10_00_00/vexiq2\libviq2rt.a(iq2_apijump.c.o)
                0x200114b0                vexDeviceGetByIndex
 .text.vexMotorVelocitySet
                0x200114cc       0x20 c:\Users\mua30.BARKER\AppData\Roaming\Code\User\globalStorage\vexrobotics.vexcode\sdk\cpp\IQ2\IQ2_20231003_10_00_00/vexiq2\libviq2rt.a(iq2_apijump.c.o)
                0x200114cc                vexMotorVelocitySet
 .text.vexMotorActualVelocityGet
                0x200114ec       0x1c c:\Users\mua30.BARKER\AppData\Roaming\Code\User\globalStorage\vexrobotics.vexcode\sdk\cpp\IQ2\IQ2_20231003_10_00_00/vexiq2\libviq2rt.a(iq2_apijump.c.o)
                0x200114ec                vexMotorActualVelocityGet
 .text.vexMotorModeGet
                0x20011508       0x1c c:\Users\mua30.BARKER\AppData\Roaming\Code\User\globalStorage\vexrobotics.vexcode\sdk\cpp\IQ2\IQ2_20231003_10_00_00/vexiq2\libviq2rt.a(iq2_apijump.c.o)
                0x20011508                vexMotorModeGet
 .text.vexMotorCurrentLimitSet
                0x20011524       0x20 c:\Users\mua30.BARKER\AppData\Roaming\Code\User\globalStorage\vexrobotics.vexcode\sdk\cpp\IQ2\IQ2_20231003_10_00_00/vexiq2\libviq2rt.a(iq2_apijump.c.o)
                0x20011524                vexMotorCurrentLimitSet
 .text.vexMotorZeroPositionFlagGet
                0x20011544       0x1c c:\Users\mua30.BARKER\AppData\Roaming\Code\User\globalStorage\vexrobotics.vexcode\sdk\cpp\IQ2\IQ2_20231003_10_00_00/vexiq2\libviq2rt.a(iq2_apijump.c.o)
                0x20011544                vexMotorZeroPositionFlagGet
 .text.vexMotorReverseFlagSet
                0x20011560       0x20 c:\Users\mua30.BARKER\AppData\Roaming\Code\User\globalStorage\vexrobotics.vexcode\sdk\cpp\IQ2\IQ2_20231003_10_00_00/vexiq2\libviq2rt.a(iq2_apijump.c.o)
                0x20011560                vexMotorReverseFlagSet
 .text.vexMotorEncoderUnitsSet
                0x20011580       0x20 c:\Users\mua30.BARKER\AppData\Roaming\Code\User\globalStorage\vexrobotics.vexcode\sdk\cpp\IQ2\IQ2_20231003_10_00_00/vexiq2\libviq2rt.a(iq2_apijump.c.o)
                0x20011580                vexMotorEncoderUnitsSet
 .text.vexMotorBrakeModeSet
                0x200115a0       0x20 c:\Users\mua30.BARKER\AppData\Roaming\Code\User\globalStorage\vexrobotics.vexcode\sdk\cpp\IQ2\IQ2_20231003_10_00_00/vexiq2\libviq2rt.a(iq2_apijump.c.o)
                0x200115a0                vexMotorBrakeModeSet
 .text.vexMotorPositionSet
                0x200115c0       0x34 c:\Users\mua30.BARKER\AppData\Roaming\Code\User\globalStorage\vexrobotics.vexcode\sdk\cpp\IQ2\IQ2_20231003_10_00_00/vexiq2\libviq2rt.a(iq2_apijump.c.o)
                0x200115c0                vexMotorPositionSet
 .text.vexMotorRelativeTargetSet
                0x200115f4       0x38 c:\Users\mua30.BARKER\AppData\Roaming\Code\User\globalStorage\vexrobotics.vexcode\sdk\cpp\IQ2\IQ2_20231003_10_00_00/vexiq2\libviq2rt.a(iq2_apijump.c.o)
                0x200115f4                vexMotorRelativeTargetSet
 .text.vexImuReset
                0x2001162c       0x1c c:\Users\mua30.BARKER\AppData\Roaming\Code\User\globalStorage\vexrobotics.vexcode\sdk\cpp\IQ2\IQ2_20231003_10_00_00/vexiq2\libviq2rt.a(iq2_apijump.c.o)
                0x2001162c                vexImuReset
 .text.vexImuHeadingGet
                0x20011648       0x1c c:\Users\mua30.BARKER\AppData\Roaming\Code\User\globalStorage\vexrobotics.vexcode\sdk\cpp\IQ2\IQ2_20231003_10_00_00/vexiq2\libviq2rt.a(iq2_apijump.c.o)
                0x20011648                vexImuHeadingGet
 .text.vexImuDegreesGet
                0x20011664       0x1c c:\Users\mua30.BARKER\AppData\Roaming\Code\User\globalStorage\vexrobotics.vexcode\sdk\cpp\IQ2\IQ2_20231003_10_00_00/vexiq2\libviq2rt.a(iq2_apijump.c.o)
                0x20011664                vexImuDegreesGet
 .text.vexImuStatusGet
                0x20011680       0x1c c:\Users\mua30.BARKER\AppData\Roaming\Code\User\globalStorage\vexrobotics.vexcode\sdk\cpp\IQ2\IQ2_20231003_10_00_00/vexiq2\libviq2rt.a(iq2_apijump.c.o)
                0x20011680                vexImuStatusGet
 .text.vexDistanceDistanceGet
                0x2001169c       0x1c c:\Users\mua30.BARKER\AppData\Roaming\Code\User\globalStorage\vexrobotics.vexcode\sdk\cpp\IQ2\IQ2_20231003_10_00_00/vexiq2\libviq2rt.a(iq2_apijump.c.o)
                0x2001169c                vexDistanceDistanceGet
 .text.vexPneumaticCompressorSet
                0x200116b8       0x20 c:\Users\mua30.BARKER\AppData\Roaming\Code\User\globalStorage\vexrobotics.vexcode\sdk\cpp\IQ2\IQ2_20231003_10_00_00/vexiq2\libviq2rt.a(iq2_apijump.c.o)
                0x200116b8                vexPneumaticCompressorSet
 .text.vexPneumaticCylinderSet
                0x200116d8       0x24 c:\Users\mua30.BARKER\AppData\Roaming\Code\User\globalStorage\vexrobotics.vexcode\sdk\cpp\IQ2\IQ2_20231003_10_00_00/vexiq2\libviq2rt.a(iq2_apijump.c.o)
                0x200116d8                vexPneumaticCylinderSet
 .text.vexDisplayForegroundColor
                0x200116fc       0x1c c:\Users\mua30.BARKER\AppData\Roaming\Code\User\globalStorage\vexrobotics.vexcode\sdk\cpp\IQ2\IQ2_20231003_10_00_00/vexiq2\libviq2rt.a(iq2_apijump.c.o)
                0x200116fc                vexDisplayForegroundColor
 .text.vexDisplayBackgroundColor
                0x20011718       0x1c c:\Users\mua30.BARKER\AppData\Roaming\Code\User\globalStorage\vexrobotics.vexcode\sdk\cpp\IQ2\IQ2_20231003_10_00_00/vexiq2\libviq2rt.a(iq2_apijump.c.o)
                0x20011718                vexDisplayBackgroundColor
 .text.vexDisplayVPrintf
                0x20011734       0x38 c:\Users\mua30.BARKER\AppData\Roaming\Code\User\globalStorage\vexrobotics.vexcode\sdk\cpp\IQ2\IQ2_20231003_10_00_00/vexiq2\libviq2rt.a(iq2_apijump.c.o)
                0x20011734                vexDisplayVPrintf
 .text.vexDisplayTextReference
                0x2001176c       0x1c c:\Users\mua30.BARKER\AppData\Roaming\Code\User\globalStorage\vexrobotics.vexcode\sdk\cpp\IQ2\IQ2_20231003_10_00_00/vexiq2\libviq2rt.a(iq2_apijump.c.o)
                0x2001176c                vexDisplayTextReference
 .text.vexDisplayTextSize
                0x20011788       0x20 c:\Users\mua30.BARKER\AppData\Roaming\Code\User\globalStorage\vexrobotics.vexcode\sdk\cpp\IQ2\IQ2_20231003_10_00_00/vexiq2\libviq2rt.a(iq2_apijump.c.o)
                0x20011788                vexDisplayTextSize
 .text.vexDisplayFontNamedSet
                0x200117a8       0x1c c:\Users\mua30.BARKER\AppData\Roaming\Code\User\globalStorage\vexrobotics.vexcode\sdk\cpp\IQ2\IQ2_20231003_10_00_00/vexiq2\libviq2rt.a(iq2_apijump.c.o)
                0x200117a8                vexDisplayFontNamedSet
 .text.vexDisplayStringWidthGet
                0x200117c4       0x1c c:\Users\mua30.BARKER\AppData\Roaming\Code\User\globalStorage\vexrobotics.vexcode\sdk\cpp\IQ2\IQ2_20231003_10_00_00/vexiq2\libviq2rt.a(iq2_apijump.c.o)
                0x200117c4                vexDisplayStringWidthGet
 .text.vexControllerGet
                0x200117e0       0x20 c:\Users\mua30.BARKER\AppData\Roaming\Code\User\globalStorage\vexrobotics.vexcode\sdk\cpp\IQ2\IQ2_20231003_10_00_00/vexiq2\libviq2rt.a(iq2_apijump.c.o)
                0x200117e0                vexControllerGet
 .text._ZN3vex4waitEdNS_9timeUnitsE
                0x20011800       0x3c c:\Users\mua30.BARKER\AppData\Roaming\Code\User\globalStorage\vexrobotics.vexcode\sdk\cpp\IQ2\IQ2_20231003_10_00_00/vexiq2\libviq2rt.a(vex_global.cpp.o)
                0x20011800                vex::wait(double, vex::timeUnits)
 .text._ZN3vex5colorD2Ev
                0x2001183c        0x2 c:\Users\mua30.BARKER\AppData\Roaming\Code\User\globalStorage\vexrobotics.vexcode\sdk\cpp\IQ2\IQ2_20231003_10_00_00/vexiq2\libviq2rt.a(vex_color.cpp.o)
                0x2001183c                vex::color::~color()
                0x2001183c                vex::color::~color()
 *fill*         0x2001183e        0x2 
 .text.startup._GLOBAL__sub_I__ZN3vex5color5blackE
                0x20011840      0x18c c:\Users\mua30.BARKER\AppData\Roaming\Code\User\globalStorage\vexrobotics.vexcode\sdk\cpp\IQ2\IQ2_20231003_10_00_00/vexiq2\libviq2rt.a(vex_color.cpp.o)
 .text._ZN3vex4taskC2EPFivE
                0x200119cc       0x38 c:\Users\mua30.BARKER\AppData\Roaming\Code\User\globalStorage\vexrobotics.vexcode\sdk\cpp\IQ2\IQ2_20231003_10_00_00/vexiq2\libviq2rt.a(vex_task.cpp.o)
                0x200119cc                vex::task::task(int (*)())
                0x200119cc                vex::task::task(int (*)())
 .text._ZN3vex11this_thread9sleep_forEm
                0x20011a04        0x4 c:\Users\mua30.BARKER\AppData\Roaming\Code\User\globalStorage\vexrobotics.vexcode\sdk\cpp\IQ2\IQ2_20231003_10_00_00/vexiq2\libviq2rt.a(vex_thread.cpp.o)
                0x20011a04                vex::this_thread::sleep_for(unsigned long)
 .text._ZN3vex5brainD2Ev
                0x20011a08        0xe c:\Users\mua30.BARKER\AppData\Roaming\Code\User\globalStorage\vexrobotics.vexcode\sdk\cpp\IQ2\IQ2_20231003_10_00_00/vexiq2\libviq2rt.a(vex_brain.cpp.o)
                0x20011a08                vex::brain::~brain()
                0x20011a08                vex::brain::~brain()
 .text._ZN3vex5brain3lcd9setCursorEll
                0x20011a16       0x40 c:\Users\mua30.BARKER\AppData\Roaming\Code\User\globalStorage\vexrobotics.vexcode\sdk\cpp\IQ2\IQ2_20231003_10_00_00/vexiq2\libviq2rt.a(vex_brain.cpp.o)
                0x20011a16                vex::brain::lcd::setCursor(long, long)
 *fill*         0x20011a56        0x2 
 .text._ZN3vex5brain3lcd7setFontENS_8fontTypeE
                0x20011a58      0x144 c:\Users\mua30.BARKER\AppData\Roaming\Code\User\globalStorage\vexrobotics.vexcode\sdk\cpp\IQ2\IQ2_20231003_10_00_00/vexiq2\libviq2rt.a(vex_brain.cpp.o)
                0x20011a58                vex::brain::lcd::setFont(vex::fontType)
 .text._ZN3vex5brain3lcdC2Ev
                0x20011b9c       0x34 c:\Users\mua30.BARKER\AppData\Roaming\Code\User\globalStorage\vexrobotics.vexcode\sdk\cpp\IQ2\IQ2_20231003_10_00_00/vexiq2\libviq2rt.a(vex_brain.cpp.o)
                0x20011b9c                vex::brain::lcd::lcd()
                0x20011b9c                vex::brain::lcd::lcd()
 .text._ZN3vex5brainC2Ev
                0x20011bd0       0x32 c:\Users\mua30.BARKER\AppData\Roaming\Code\User\globalStorage\vexrobotics.vexcode\sdk\cpp\IQ2\IQ2_20231003_10_00_00/vexiq2\libviq2rt.a(vex_brain.cpp.o)
                0x20011bd0                vex::brain::brain()
                0x20011bd0                vex::brain::brain()
 .text._ZN3vex5brain3lcd10rowToPixelEl
                0x20011c02       0x24 c:\Users\mua30.BARKER\AppData\Roaming\Code\User\globalStorage\vexrobotics.vexcode\sdk\cpp\IQ2\IQ2_20231003_10_00_00/vexiq2\libviq2rt.a(vex_brain.cpp.o)
                0x20011c02                vex::brain::lcd::rowToPixel(long)
 .text._ZN3vex5brain3lcd5printEPKcz
                0x20011c26       0x7e c:\Users\mua30.BARKER\AppData\Roaming\Code\User\globalStorage\vexrobotics.vexcode\sdk\cpp\IQ2\IQ2_20231003_10_00_00/vexiq2\libviq2rt.a(vex_brain.cpp.o)
                0x20011c26                vex::brain::lcd::print(char const*, ...)
 .text._ZN3vex5timerD2Ev
                0x20011ca4        0x2 c:\Users\mua30.BARKER\AppData\Roaming\Code\User\globalStorage\vexrobotics.vexcode\sdk\cpp\IQ2\IQ2_20231003_10_00_00/vexiq2\libviq2rt.a(vex_timer.cpp.o)
                0x20011ca4                vex::timer::~timer()
                0x20011ca4                vex::timer::~timer()
 .text._ZN3vex5timer5clearEv
                0x20011ca6       0x10 c:\Users\mua30.BARKER\AppData\Roaming\Code\User\globalStorage\vexrobotics.vexcode\sdk\cpp\IQ2\IQ2_20231003_10_00_00/vexiq2\libviq2rt.a(vex_timer.cpp.o)
                0x20011ca6                vex::timer::clear()
 .text._ZN3vex5timerC2Ev
                0x20011cb6        0xc c:\Users\mua30.BARKER\AppData\Roaming\Code\User\globalStorage\vexrobotics.vexcode\sdk\cpp\IQ2\IQ2_20231003_10_00_00/vexiq2\libviq2rt.a(vex_timer.cpp.o)
                0x20011cb6                vex::timer::timer()
                0x20011cb6                vex::timer::timer()
 .text._ZN3vex5motor9installedEv
                0x20011cc2        0xe c:\Users\mua30.BARKER\AppData\Roaming\Code\User\globalStorage\vexrobotics.vexcode\sdk\cpp\IQ2\IQ2_20231003_10_00_00/vexiq2\libviq2rt.a(vex_motor.cpp.o)
                0x20011cc2                vex::motor::installed()
 .text._ZN3vex5motorD2Ev
                0x20011cd0       0x14 c:\Users\mua30.BARKER\AppData\Roaming\Code\User\globalStorage\vexrobotics.vexcode\sdk\cpp\IQ2\IQ2_20231003_10_00_00/vexiq2\libviq2rt.a(vex_motor.cpp.o)
                0x20011cd0                vex::motor::~motor()
                0x20011cd0                vex::motor::~motor()
 .text._ZN3vex5motor15defaultStoppingENS_9brakeTypeE
                0x20011ce4       0x1a c:\Users\mua30.BARKER\AppData\Roaming\Code\User\globalStorage\vexrobotics.vexcode\sdk\cpp\IQ2\IQ2_20231003_10_00_00/vexiq2\libviq2rt.a(vex_motor.cpp.o)
                0x20011ce4                vex::motor::defaultStopping(vex::brakeType)
 *fill*         0x20011cfe        0x2 
 .text._ZN3vex5motorC2El
                0x20011d00       0x60 c:\Users\mua30.BARKER\AppData\Roaming\Code\User\globalStorage\vexrobotics.vexcode\sdk\cpp\IQ2\IQ2_20231003_10_00_00/vexiq2\libviq2rt.a(vex_motor.cpp.o)
                0x20011d00                vex::motor::motor(long)
                0x20011d00                vex::motor::motor(long)
 .text._ZN3vex5motorC2Elb
                0x20011d60       0x16 c:\Users\mua30.BARKER\AppData\Roaming\Code\User\globalStorage\vexrobotics.vexcode\sdk\cpp\IQ2\IQ2_20231003_10_00_00/vexiq2\libviq2rt.a(vex_motor.cpp.o)
                0x20011d60                vex::motor::motor(long, bool)
                0x20011d60                vex::motor::motor(long, bool)
 *fill*         0x20011d76        0x2 
 .text._ZN3vex5motor10setTimeoutElNS_9timeUnitsE
                0x20011d78       0x2c c:\Users\mua30.BARKER\AppData\Roaming\Code\User\globalStorage\vexrobotics.vexcode\sdk\cpp\IQ2\IQ2_20231003_10_00_00/vexiq2\libviq2rt.a(vex_motor.cpp.o)
                0x20011d78                vex::motor::setTimeout(long, vex::timeUnits)
 .text._ZN3vex5motor14isSpinningModeEv
                0x20011da4       0x16 c:\Users\mua30.BARKER\AppData\Roaming\Code\User\globalStorage\vexrobotics.vexcode\sdk\cpp\IQ2\IQ2_20231003_10_00_00/vexiq2\libviq2rt.a(vex_motor.cpp.o)
                0x20011da4                vex::motor::isSpinningMode()
 .text._ZN3vex5motor4stopENS_9brakeTypeE
                0x20011dba       0x1e c:\Users\mua30.BARKER\AppData\Roaming\Code\User\globalStorage\vexrobotics.vexcode\sdk\cpp\IQ2\IQ2_20231003_10_00_00/vexiq2\libviq2rt.a(vex_motor.cpp.o)
                0x20011dba                vex::motor::stop(vex::brakeType)
 .text._ZN3vex5motor4stopEv
                0x20011dd8        0x6 c:\Users\mua30.BARKER\AppData\Roaming\Code\User\globalStorage\vexrobotics.vexcode\sdk\cpp\IQ2\IQ2_20231003_10_00_00/vexiq2\libviq2rt.a(vex_motor.cpp.o)
                0x20011dd8                vex::motor::stop()
 *fill*         0x20011dde        0x2 
 .text._ZN3vex5motor12setMaxTorqueEdNS_12percentUnitsE
                0x20011de0       0x98 c:\Users\mua30.BARKER\AppData\Roaming\Code\User\globalStorage\vexrobotics.vexcode\sdk\cpp\IQ2\IQ2_20231003_10_00_00/vexiq2\libviq2rt.a(vex_motor.cpp.o)
                0x20011de0                vex::motor::setMaxTorque(double, vex::percentUnits)
 .text._ZN3vex5motor16velocityToScaledEdNS_13velocityUnitsE
                0x20011e78       0x70 c:\Users\mua30.BARKER\AppData\Roaming\Code\User\globalStorage\vexrobotics.vexcode\sdk\cpp\IQ2\IQ2_20231003_10_00_00/vexiq2\libviq2rt.a(vex_motor.cpp.o)
                0x20011e78                vex::motor::velocityToScaled(double, vex::velocityUnits)
 .text._ZN3vex5motor8velocityENS_13velocityUnitsE
                0x20011ee8       0x18 c:\Users\mua30.BARKER\AppData\Roaming\Code\User\globalStorage\vexrobotics.vexcode\sdk\cpp\IQ2\IQ2_20231003_10_00_00/vexiq2\libviq2rt.a(vex_motor.cpp.o)
                0x20011ee8                vex::motor::velocity(vex::velocityUnits)
 .text._ZN3vex5motor5valueEv
                0x20011f00       0x12 c:\Users\mua30.BARKER\AppData\Roaming\Code\User\globalStorage\vexrobotics.vexcode\sdk\cpp\IQ2\IQ2_20231003_10_00_00/vexiq2\libviq2rt.a(vex_motor.cpp.o)
                0x20011f00                vex::motor::value()
 *fill*         0x20011f12        0x6 
 .text._ZN3vex5motor16scaledToVelocityEdNS_13velocityUnitsE
                0x20011f18       0x74 c:\Users\mua30.BARKER\AppData\Roaming\Code\User\globalStorage\vexrobotics.vexcode\sdk\cpp\IQ2\IQ2_20231003_10_00_00/vexiq2\libviq2rt.a(vex_motor.cpp.o)
                0x20011f18                vex::motor::scaledToVelocity(double, vex::velocityUnits)
 .text._ZN3vex5motor4spinENS_13directionTypeEdNS_13velocityUnitsE
                0x20011f8c       0x32 c:\Users\mua30.BARKER\AppData\Roaming\Code\User\globalStorage\vexrobotics.vexcode\sdk\cpp\IQ2\IQ2_20231003_10_00_00/vexiq2\libviq2rt.a(vex_motor.cpp.o)
                0x20011f8c                vex::motor::spin(vex::directionType, double, vex::velocityUnits)
 .text._ZN3vex5motor4spinENS_13directionTypeE
                0x20011fbe       0x1e c:\Users\mua30.BARKER\AppData\Roaming\Code\User\globalStorage\vexrobotics.vexcode\sdk\cpp\IQ2\IQ2_20231003_10_00_00/vexiq2\libviq2rt.a(vex_motor.cpp.o)
                0x20011fbe                vex::motor::spin(vex::directionType)
 .text._ZN3vex5motor11setVelocityEdNS_13velocityUnitsE
                0x20011fdc       0x54 c:\Users\mua30.BARKER\AppData\Roaming\Code\User\globalStorage\vexrobotics.vexcode\sdk\cpp\IQ2\IQ2_20231003_10_00_00/vexiq2\libviq2rt.a(vex_motor.cpp.o)
                0x20011fdc                vex::motor::setVelocity(double, vex::velocityUnits)
 .text._ZN3vex5motor16setRotationUnitsENS_13rotationUnitsE
                0x20012030       0x12 c:\Users\mua30.BARKER\AppData\Roaming\Code\User\globalStorage\vexrobotics.vexcode\sdk\cpp\IQ2\IQ2_20231003_10_00_00/vexiq2\libviq2rt.a(vex_motor.cpp.o)
                0x20012030                vex::motor::setRotationUnits(vex::rotationUnits)
 .text._ZN3vex5motor7spinForEdNS_13rotationUnitsEdNS_13velocityUnitsEb
                0x20012042       0xe0 c:\Users\mua30.BARKER\AppData\Roaming\Code\User\globalStorage\vexrobotics.vexcode\sdk\cpp\IQ2\IQ2_20231003_10_00_00/vexiq2\libviq2rt.a(vex_motor.cpp.o)
                0x20012042                vex::motor::spinFor(double, vex::rotationUnits, double, vex::velocityUnits, bool)
 .text._ZN3vex5motor7spinForENS_13directionTypeEdNS_13rotationUnitsEb
                0x20012122       0x40 c:\Users\mua30.BARKER\AppData\Roaming\Code\User\globalStorage\vexrobotics.vexcode\sdk\cpp\IQ2\IQ2_20231003_10_00_00/vexiq2\libviq2rt.a(vex_motor.cpp.o)
                0x20012122                vex::motor::spinFor(vex::directionType, double, vex::rotationUnits, bool)
 .text._ZN3vex8inertial11getTurnTypeEv
                0x20012162        0x4 c:\Users\mua30.BARKER\AppData\Roaming\Code\User\globalStorage\vexrobotics.vexcode\sdk\cpp\IQ2\IQ2_20231003_10_00_00/vexiq2\libviq2rt.a(vex_imu.cpp.o)
                0x20012162                vex::inertial::getTurnType()
 .text._ZThn20_N3vex8inertial11getTurnTypeEv
                0x20012166        0x8 c:\Users\mua30.BARKER\AppData\Roaming\Code\User\globalStorage\vexrobotics.vexcode\sdk\cpp\IQ2\IQ2_20231003_10_00_00/vexiq2\libviq2rt.a(vex_imu.cpp.o)
                0x20012166                non-virtual thunk to vex::inertial::getTurnType()
 *fill*         0x2001216e        0x2 
 .text._ZN3vex8inertial10setHeadingEdNS_13rotationUnitsE
                0x20012170       0x48 c:\Users\mua30.BARKER\AppData\Roaming\Code\User\globalStorage\vexrobotics.vexcode\sdk\cpp\IQ2\IQ2_20231003_10_00_00/vexiq2\libviq2rt.a(vex_imu.cpp.o)
                0x20012170                vex::inertial::setHeading(double, vex::rotationUnits)
 .text._ZThn20_N3vex8inertial10setHeadingEdNS_13rotationUnitsE
                0x200121b8        0x8 c:\Users\mua30.BARKER\AppData\Roaming\Code\User\globalStorage\vexrobotics.vexcode\sdk\cpp\IQ2\IQ2_20231003_10_00_00/vexiq2\libviq2rt.a(vex_imu.cpp.o)
                0x200121b8                non-virtual thunk to vex::inertial::setHeading(double, vex::rotationUnits)
 .text._ZN3vex8inertial11setRotationEdNS_13rotationUnitsE
                0x200121c0       0x48 c:\Users\mua30.BARKER\AppData\Roaming\Code\User\globalStorage\vexrobotics.vexcode\sdk\cpp\IQ2\IQ2_20231003_10_00_00/vexiq2\libviq2rt.a(vex_imu.cpp.o)
                0x200121c0                vex::inertial::setRotation(double, vex::rotationUnits)
 .text._ZThn20_N3vex8inertial11setRotationEdNS_13rotationUnitsE
                0x20012208        0x8 c:\Users\mua30.BARKER\AppData\Roaming\Code\User\globalStorage\vexrobotics.vexcode\sdk\cpp\IQ2\IQ2_20231003_10_00_00/vexiq2\libviq2rt.a(vex_imu.cpp.o)
                0x20012208                non-virtual thunk to vex::inertial::setRotation(double, vex::rotationUnits)
 .text._ZN3vex8inertialD2Ev
                0x20012210       0x14 c:\Users\mua30.BARKER\AppData\Roaming\Code\User\globalStorage\vexrobotics.vexcode\sdk\cpp\IQ2\IQ2_20231003_10_00_00/vexiq2\libviq2rt.a(vex_imu.cpp.o)
                0x20012210                vex::inertial::~inertial()
                0x20012210                vex::inertial::~inertial()
 .text._ZThn20_N3vex8inertialD1Ev
                0x20012224        0x8 c:\Users\mua30.BARKER\AppData\Roaming\Code\User\globalStorage\vexrobotics.vexcode\sdk\cpp\IQ2\IQ2_20231003_10_00_00/vexiq2\libviq2rt.a(vex_imu.cpp.o)
                0x20012224                non-virtual thunk to vex::inertial::~inertial()
 .text._ZN3vex8inertialD0Ev
                0x2001222c       0x12 c:\Users\mua30.BARKER\AppData\Roaming\Code\User\globalStorage\vexrobotics.vexcode\sdk\cpp\IQ2\IQ2_20231003_10_00_00/vexiq2\libviq2rt.a(vex_imu.cpp.o)
                0x2001222c                vex::inertial::~inertial()
 .text._ZThn20_N3vex8inertialD0Ev
                0x2001223e        0x8 c:\Users\mua30.BARKER\AppData\Roaming\Code\User\globalStorage\vexrobotics.vexcode\sdk\cpp\IQ2\IQ2_20231003_10_00_00/vexiq2\libviq2rt.a(vex_imu.cpp.o)
                0x2001223e                non-virtual thunk to vex::inertial::~inertial()
 .text._ZN3vex8inertial9installedEv
                0x20012246       0x10 c:\Users\mua30.BARKER\AppData\Roaming\Code\User\globalStorage\vexrobotics.vexcode\sdk\cpp\IQ2\IQ2_20231003_10_00_00/vexiq2\libviq2rt.a(vex_imu.cpp.o)
                0x20012246                vex::inertial::installed()
 *fill*         0x20012256        0x2 
 .text._ZN3vex8inertial5angleENS_13rotationUnitsE
                0x20012258       0x74 c:\Users\mua30.BARKER\AppData\Roaming\Code\User\globalStorage\vexrobotics.vexcode\sdk\cpp\IQ2\IQ2_20231003_10_00_00/vexiq2\libviq2rt.a(vex_imu.cpp.o)
                0x20012258                vex::inertial::angle(vex::rotationUnits)
 .text._ZThn20_N3vex8inertial5angleENS_13rotationUnitsE
                0x200122cc        0x8 c:\Users\mua30.BARKER\AppData\Roaming\Code\User\globalStorage\vexrobotics.vexcode\sdk\cpp\IQ2\IQ2_20231003_10_00_00/vexiq2\libviq2rt.a(vex_imu.cpp.o)
                0x200122cc                non-virtual thunk to vex::inertial::angle(vex::rotationUnits)
 .text._ZN3vex8inertial7headingENS_13rotationUnitsE
                0x200122d4        0x4 c:\Users\mua30.BARKER\AppData\Roaming\Code\User\globalStorage\vexrobotics.vexcode\sdk\cpp\IQ2\IQ2_20231003_10_00_00/vexiq2\libviq2rt.a(vex_imu.cpp.o)
                0x200122d4                vex::inertial::heading(vex::rotationUnits)
 .text._ZThn20_N3vex8inertial7headingENS_13rotationUnitsE
                0x200122d8        0x8 c:\Users\mua30.BARKER\AppData\Roaming\Code\User\globalStorage\vexrobotics.vexcode\sdk\cpp\IQ2\IQ2_20231003_10_00_00/vexiq2\libviq2rt.a(vex_imu.cpp.o)
                0x200122d8                non-virtual thunk to vex::inertial::heading(vex::rotationUnits)
 .text._ZN3vex8inertial5valueEv
                0x200122e0       0x12 c:\Users\mua30.BARKER\AppData\Roaming\Code\User\globalStorage\vexrobotics.vexcode\sdk\cpp\IQ2\IQ2_20231003_10_00_00/vexiq2\libviq2rt.a(vex_imu.cpp.o)
                0x200122e0                vex::inertial::value()
 *fill*         0x200122f2        0x2 
 .text._ZN3vex8inertial8rotationENS_13rotationUnitsE
                0x200122f4       0x38 c:\Users\mua30.BARKER\AppData\Roaming\Code\User\globalStorage\vexrobotics.vexcode\sdk\cpp\IQ2\IQ2_20231003_10_00_00/vexiq2\libviq2rt.a(vex_imu.cpp.o)
                0x200122f4                vex::inertial::rotation(vex::rotationUnits)
 .text._ZThn20_N3vex8inertial8rotationENS_13rotationUnitsE
                0x2001232c        0x8 c:\Users\mua30.BARKER\AppData\Roaming\Code\User\globalStorage\vexrobotics.vexcode\sdk\cpp\IQ2\IQ2_20231003_10_00_00/vexiq2\libviq2rt.a(vex_imu.cpp.o)
                0x2001232c                non-virtual thunk to vex::inertial::rotation(vex::rotationUnits)
 .text._ZN3vex8inertial13isCalibratingEv
                0x20012334       0x22 c:\Users\mua30.BARKER\AppData\Roaming\Code\User\globalStorage\vexrobotics.vexcode\sdk\cpp\IQ2\IQ2_20231003_10_00_00/vexiq2\libviq2rt.a(vex_imu.cpp.o)
                0x20012334                vex::inertial::isCalibrating()
 .text._ZThn20_N3vex8inertial13isCalibratingEv
                0x20012356        0x8 c:\Users\mua30.BARKER\AppData\Roaming\Code\User\globalStorage\vexrobotics.vexcode\sdk\cpp\IQ2\IQ2_20231003_10_00_00/vexiq2\libviq2rt.a(vex_imu.cpp.o)
                0x20012356                non-virtual thunk to vex::inertial::isCalibrating()
 *fill*         0x2001235e        0x2 
 .text._ZN3vex8inertialC2ElNS_8turnTypeE
                0x20012360       0x30 c:\Users\mua30.BARKER\AppData\Roaming\Code\User\globalStorage\vexrobotics.vexcode\sdk\cpp\IQ2\IQ2_20231003_10_00_00/vexiq2\libviq2rt.a(vex_imu.cpp.o)
                0x20012360                vex::inertial::inertial(long, vex::turnType)
                0x20012360                vex::inertial::inertial(long, vex::turnType)
 .text._ZN3vex8inertialC2ENS_8turnTypeE
                0x20012390       0x18 c:\Users\mua30.BARKER\AppData\Roaming\Code\User\globalStorage\vexrobotics.vexcode\sdk\cpp\IQ2\IQ2_20231003_10_00_00/vexiq2\libviq2rt.a(vex_imu.cpp.o)
                0x20012390                vex::inertial::inertial(vex::turnType)
                0x20012390                vex::inertial::inertial(vex::turnType)
 .text._ZN3vex8inertial16startCalibrationEl
                0x200123a8       0x16 c:\Users\mua30.BARKER\AppData\Roaming\Code\User\globalStorage\vexrobotics.vexcode\sdk\cpp\IQ2\IQ2_20231003_10_00_00/vexiq2\libviq2rt.a(vex_imu.cpp.o)
                0x200123a8                vex::inertial::startCalibration(long)
 .text._ZN3vex8inertial9calibrateEl
                0x200123be        0xa c:\Users\mua30.BARKER\AppData\Roaming\Code\User\globalStorage\vexrobotics.vexcode\sdk\cpp\IQ2\IQ2_20231003_10_00_00/vexiq2\libviq2rt.a(vex_imu.cpp.o)
                0x200123be                vex::inertial::calibrate(long)
                0x200123c2                non-virtual thunk to vex::inertial::calibrate(long)
 .text._ZN3vex8distance9installedEv
                0x200123c8       0x10 c:\Users\mua30.BARKER\AppData\Roaming\Code\User\globalStorage\vexrobotics.vexcode\sdk\cpp\IQ2\IQ2_20231003_10_00_00/vexiq2\libviq2rt.a(vex_distance.cpp.o)
                0x200123c8                vex::distance::installed()
 .text._ZN3vex8distance5valueEv
                0x200123d8        0x6 c:\Users\mua30.BARKER\AppData\Roaming\Code\User\globalStorage\vexrobotics.vexcode\sdk\cpp\IQ2\IQ2_20231003_10_00_00/vexiq2\libviq2rt.a(vex_distance.cpp.o)
                0x200123d8                vex::distance::value()
 *fill*         0x200123de        0x2 
 .text._ZN3vex8distanceC2El
                0x200123e0       0x14 c:\Users\mua30.BARKER\AppData\Roaming\Code\User\globalStorage\vexrobotics.vexcode\sdk\cpp\IQ2\IQ2_20231003_10_00_00/vexiq2\libviq2rt.a(vex_distance.cpp.o)
                0x200123e0                vex::distance::distance(long)
                0x200123e0                vex::distance::distance(long)
 .text._ZN3vex8distanceD2Ev
                0x200123f4       0x14 c:\Users\mua30.BARKER\AppData\Roaming\Code\User\globalStorage\vexrobotics.vexcode\sdk\cpp\IQ2\IQ2_20231003_10_00_00/vexiq2\libviq2rt.a(vex_distance.cpp.o)
                0x200123f4                vex::distance::~distance()
                0x200123f4                vex::distance::~distance()
 .text._ZN3vex8distance14objectDistanceENS_13distanceUnitsE
                0x20012408       0x44 c:\Users\mua30.BARKER\AppData\Roaming\Code\User\globalStorage\vexrobotics.vexcode\sdk\cpp\IQ2\IQ2_20231003_10_00_00/vexiq2\libviq2rt.a(vex_distance.cpp.o)
                0x20012408                vex::distance::objectDistance(vex::distanceUnits)
 .text._ZN3vex9pneumatic9installedEv
                0x2001244c       0x10 c:\Users\mua30.BARKER\AppData\Roaming\Code\User\globalStorage\vexrobotics.vexcode\sdk\cpp\IQ2\IQ2_20231003_10_00_00/vexiq2\libviq2rt.a(vex_pneumatic.cpp.o)
                0x2001244c                vex::pneumatic::installed()
 .text._ZN3vex9pneumaticC2Elb
                0x2001245c       0x24 c:\Users\mua30.BARKER\AppData\Roaming\Code\User\globalStorage\vexrobotics.vexcode\sdk\cpp\IQ2\IQ2_20231003_10_00_00/vexiq2\libviq2rt.a(vex_pneumatic.cpp.o)
                0x2001245c                vex::pneumatic::pneumatic(long, bool)
                0x2001245c                vex::pneumatic::pneumatic(long, bool)
 .text._ZN3vex9pneumaticD2Ev
                0x20012480       0x14 c:\Users\mua30.BARKER\AppData\Roaming\Code\User\globalStorage\vexrobotics.vexcode\sdk\cpp\IQ2\IQ2_20231003_10_00_00/vexiq2\libviq2rt.a(vex_pneumatic.cpp.o)
                0x20012480                vex::pneumatic::~pneumatic()
                0x20012480                vex::pneumatic::~pneumatic()
 .text._ZN3vex9pneumatic6extendENS_12cylinderTypeE
                0x20012494        0x8 c:\Users\mua30.BARKER\AppData\Roaming\Code\User\globalStorage\vexrobotics.vexcode\sdk\cpp\IQ2\IQ2_20231003_10_00_00/vexiq2\libviq2rt.a(vex_pneumatic.cpp.o)
                0x20012494                vex::pneumatic::extend(vex::cylinderType)
 .text._ZN3vex9pneumatic7retractENS_12cylinderTypeE
                0x2001249c        0x8 c:\Users\mua30.BARKER\AppData\Roaming\Code\User\globalStorage\vexrobotics.vexcode\sdk\cpp\IQ2\IQ2_20231003_10_00_00/vexiq2\libviq2rt.a(vex_pneumatic.cpp.o)
                0x2001249c                vex::pneumatic::retract(vex::cylinderType)
 .text._ZN3vex9pneumatic6pumpOnEv
                0x200124a4        0x8 c:\Users\mua30.BARKER\AppData\Roaming\Code\User\globalStorage\vexrobotics.vexcode\sdk\cpp\IQ2\IQ2_20231003_10_00_00/vexiq2\libviq2rt.a(vex_pneumatic.cpp.o)
                0x200124a4                vex::pneumatic::pumpOn()
 .text._ZN3vex10controllerC2Ev
                0x200124ac       0x5e c:\Users\mua30.BARKER\AppData\Roaming\Code\User\globalStorage\vexrobotics.vexcode\sdk\cpp\IQ2\IQ2_20231003_10_00_00/vexiq2\libviq2rt.a(vex_controller.cpp.o)
                0x200124ac                vex::controller::controller()
                0x200124ac                vex::controller::controller()
 .text._ZN3vex10controllerD2Ev
                0x2001250a        0x2 c:\Users\mua30.BARKER\AppData\Roaming\Code\User\globalStorage\vexrobotics.vexcode\sdk\cpp\IQ2\IQ2_20231003_10_00_00/vexiq2\libviq2rt.a(vex_controller.cpp.o)
                0x2001250a                vex::controller::~controller()
                0x2001250a                vex::controller::~controller()
 .text._ZN3vex10controller5valueE19_IQ_ControllerIndex
                0x2001250c        0x6 c:\Users\mua30.BARKER\AppData\Roaming\Code\User\globalStorage\vexrobotics.vexcode\sdk\cpp\IQ2\IQ2_20231003_10_00_00/vexiq2\libviq2rt.a(vex_controller.cpp.o)
                0x2001250c                vex::controller::value(_IQ_ControllerIndex)
 .text._ZNK3vex10controller6button8pressingEv
                0x20012512       0x52 c:\Users\mua30.BARKER\AppData\Roaming\Code\User\globalStorage\vexrobotics.vexcode\sdk\cpp\IQ2\IQ2_20231003_10_00_00/vexiq2\libviq2rt.a(vex_controller.cpp.o)
                0x20012512                vex::controller::button::pressing() const
 .text._ZNK3vex10controller4axis5valueEv
                0x20012564       0x2a c:\Users\mua30.BARKER\AppData\Roaming\Code\User\globalStorage\vexrobotics.vexcode\sdk\cpp\IQ2\IQ2_20231003_10_00_00/vexiq2\libviq2rt.a(vex_controller.cpp.o)
                0x20012564                vex::controller::axis::value() const
 .text._ZNK3vex10controller4axis8positionENS_12percentUnitsE
                0x2001258e       0x12 c:\Users\mua30.BARKER\AppData\Roaming\Code\User\globalStorage\vexrobotics.vexcode\sdk\cpp\IQ2\IQ2_20231003_10_00_00/vexiq2\libviq2rt.a(vex_controller.cpp.o)
                0x2001258e                vex::controller::axis::position(vex::percentUnits) const
 .text._ZN3vex5event9userindexEv
                0x200125a0        0x4 c:\Users\mua30.BARKER\AppData\Roaming\Code\User\globalStorage\vexrobotics.vexcode\sdk\cpp\IQ2\IQ2_20231003_10_00_00/vexiq2\libviq2rt.a(vex_event.cpp.o)
                0x200125a0                vex::event::userindex()
 .text._ZN3vex6device5valueEv
                0x200125a4        0x4 c:\Users\mua30.BARKER\AppData\Roaming\Code\User\globalStorage\vexrobotics.vexcode\sdk\cpp\IQ2\IQ2_20231003_10_00_00/vexiq2\libviq2rt.a(vex_device.cpp.o)
                0x200125a4                vex::device::value()
 .text._ZN3vex6deviceD2Ev
                0x200125a8        0x2 c:\Users\mua30.BARKER\AppData\Roaming\Code\User\globalStorage\vexrobotics.vexcode\sdk\cpp\IQ2\IQ2_20231003_10_00_00/vexiq2\libviq2rt.a(vex_device.cpp.o)
                0x200125a8                vex::device::~device()
                0x200125a8                vex::device::~device()
 .text._ZN3vex6device4initEl
                0x200125aa       0x22 c:\Users\mua30.BARKER\AppData\Roaming\Code\User\globalStorage\vexrobotics.vexcode\sdk\cpp\IQ2\IQ2_20231003_10_00_00/vexiq2\libviq2rt.a(vex_device.cpp.o)
                0x200125aa                vex::device::init(long)
 .text._ZN3vex6deviceC2El
                0x200125cc       0x14 c:\Users\mua30.BARKER\AppData\Roaming\Code\User\globalStorage\vexrobotics.vexcode\sdk\cpp\IQ2\IQ2_20231003_10_00_00/vexiq2\libviq2rt.a(vex_device.cpp.o)
                0x200125cc                vex::device::device(long)
                0x200125cc                vex::device::device(long)
 .text._ZN3vex6device4typeEv
                0x200125e0        0x8 c:\Users\mua30.BARKER\AppData\Roaming\Code\User\globalStorage\vexrobotics.vexcode\sdk\cpp\IQ2\IQ2_20231003_10_00_00/vexiq2\libviq2rt.a(vex_device.cpp.o)
                0x200125e0                vex::device::type()
 .text._ZN3vex6device9installedEv
                0x200125e8        0xe c:\Users\mua30.BARKER\AppData\Roaming\Code\User\globalStorage\vexrobotics.vexcode\sdk\cpp\IQ2\IQ2_20231003_10_00_00/vexiq2\libviq2rt.a(vex_device.cpp.o)
                0x200125e8                vex::device::installed()
 .text.__aeabi_atexit
                0x200125f6        0xa c:\Users\mua30.BARKER\AppData\Roaming\Code\User\globalStorage\vexrobotics.vexcode\sdk\cpp\IQ2\IQ2_20231003_10_00_00/vexiq2/gcc/libs\libc_nano.a(lib_a-aeabi_atexit.o)
                0x200125f6                __aeabi_atexit
 .text.__libc_init_array
                0x20012600       0x48 c:\Users\mua30.BARKER\AppData\Roaming\Code\User\globalStorage\vexrobotics.vexcode\sdk\cpp\IQ2\IQ2_20231003_10_00_00/vexiq2/gcc/libs\libc_nano.a(lib_a-init.o)
                0x20012600                __libc_init_array
 .text._free_r  0x20012648       0x9c c:\Users\mua30.BARKER\AppData\Roaming\Code\User\globalStorage\vexrobotics.vexcode\sdk\cpp\IQ2\IQ2_20231003_10_00_00/vexiq2/gcc/libs\libc_nano.a(lib_a-nano-freer.o)
                0x20012648                _free_r
 .text.__malloc_lock
                0x200126e4        0x2 c:\Users\mua30.BARKER\AppData\Roaming\Code\User\globalStorage\vexrobotics.vexcode\sdk\cpp\IQ2\IQ2_20231003_10_00_00/vexiq2/gcc/libs\libc_nano.a(lib_a-mlock.o)
                0x200126e4                __malloc_lock
 .text.__malloc_unlock
                0x200126e6        0x2 c:\Users\mua30.BARKER\AppData\Roaming\Code\User\globalStorage\vexrobotics.vexcode\sdk\cpp\IQ2\IQ2_20231003_10_00_00/vexiq2/gcc/libs\libc_nano.a(lib_a-mlock.o)
                0x200126e6                __malloc_unlock
 .text._ZdlPv   0x200126e8        0x4 c:\Users\mua30.BARKER\AppData\Roaming\Code\User\globalStorage\vexrobotics.vexcode\sdk\cpp\IQ2\IQ2_20231003_10_00_00/vexiq2/gcc/libs\libstdc++_nano.a(del_op.o)
                0x200126e8                operator delete(void*)
 .text.fmod     0x200126ec       0xd0 c:\Users\mua30.BARKER\AppData\Roaming\Code\User\globalStorage\vexrobotics.vexcode\sdk\cpp\IQ2\IQ2_20231003_10_00_00/vexiq2/gcc/libs\libm.a(lib_a-w_fmod.o)
                0x200126ec                fmod
 .text.__ieee754_fmod
                0x200127bc      0x248 c:\Users\mua30.BARKER\AppData\Roaming\Code\User\globalStorage\vexrobotics.vexcode\sdk\cpp\IQ2\IQ2_20231003_10_00_00/vexiq2/gcc/libs\libm.a(lib_a-e_fmod.o)
                0x200127bc                __ieee754_fmod
 .text.matherr  0x20012a04        0x4 c:\Users\mua30.BARKER\AppData\Roaming\Code\User\globalStorage\vexrobotics.vexcode\sdk\cpp\IQ2\IQ2_20231003_10_00_00/vexiq2/gcc/libs\libm.a(lib_a-s_matherr.o)
                0x20012a04                matherr
 .text.__errno  0x20012a08        0xc c:\Users\mua30.BARKER\AppData\Roaming\Code\User\globalStorage\vexrobotics.vexcode\sdk\cpp\IQ2\IQ2_20231003_10_00_00/vexiq2\libviq2rt.a(iq2_fstubs.c.o)
                0x20012a08                __errno
 .text.free     0x20012a14       0x10 c:\Users\mua30.BARKER\AppData\Roaming\Code\User\globalStorage\vexrobotics.vexcode\sdk\cpp\IQ2\IQ2_20231003_10_00_00/vexiq2/gcc/libs\libc_nano.a(lib_a-malloc.o)
                0x20012a14                free
 *(.gnu.linkonce.t.*)
 *(.plt)
 *(.gnu_warning)
 *(.gcc_except_table)
 *(.glue_7)
 .glue_7        0x00000000        0x0 linker stubs
 *(.glue_7t)
 .glue_7t       0x00000000        0x0 linker stubs
 *(.vfp11_veneer)
 .vfp11_veneer  0x00000000        0x0 linker stubs
 *(.ARM.extab)
 *(.gnu.linkonce.armextab.*)

.v4_bx          0x20012a24        0x0
 .v4_bx         0x00000000        0x0 linker stubs

.iplt           0x20012a24        0x0
 .iplt          0x00000000        0x0 build/src/main.o

.init
 *(.init)

.fini
 *(.fini)

.rodata         0x20012a28      0x1c0
                0x20012a28                __rodata_start = .
 *(.rodata)
 *(.rodata.*)
 .rodata.str1.1
                0x20012a28        0x3 build/src/main.o
 .rodata.str1.1
                0x20012a2b       0x22 c:\Users\mua30.BARKER\AppData\Roaming\Code\User\globalStorage\vexrobotics.vexcode\sdk\cpp\IQ2\IQ2_20231003_10_00_00/vexiq2\libviq2rt.a(iq2_startup.c.o)
 *fill*         0x20012a4d        0x3 
 .rodata._ZN3vex9cylinder2E
                0x20012a50        0x4 c:\Users\mua30.BARKER\AppData\Roaming\Code\User\globalStorage\vexrobotics.vexcode\sdk\cpp\IQ2\IQ2_20231003_10_00_00/vexiq2\libviq2rt.a(vex_global.cpp.o)
                0x20012a50                vex::cylinder2
 .rodata._ZN3vex5PORT1E
                0x20012a54        0x4 c:\Users\mua30.BARKER\AppData\Roaming\Code\User\globalStorage\vexrobotics.vexcode\sdk\cpp\IQ2\IQ2_20231003_10_00_00/vexiq2\libviq2rt.a(vex_global.cpp.o)
                0x20012a54                vex::PORT1
 .rodata._ZN3vex7reverseE
                0x20012a58        0x4 c:\Users\mua30.BARKER\AppData\Roaming\Code\User\globalStorage\vexrobotics.vexcode\sdk\cpp\IQ2\IQ2_20231003_10_00_00/vexiq2\libviq2rt.a(vex_global.cpp.o)
                0x20012a58                vex::reverse
 .rodata._ZN3vex5PORT5E
                0x20012a5c        0x4 c:\Users\mua30.BARKER\AppData\Roaming\Code\User\globalStorage\vexrobotics.vexcode\sdk\cpp\IQ2\IQ2_20231003_10_00_00/vexiq2\libviq2rt.a(vex_global.cpp.o)
                0x20012a5c                vex::PORT5
 .rodata._ZN3vex7forwardE
                0x20012a60        0x4 c:\Users\mua30.BARKER\AppData\Roaming\Code\User\globalStorage\vexrobotics.vexcode\sdk\cpp\IQ2\IQ2_20231003_10_00_00/vexiq2\libviq2rt.a(vex_global.cpp.o)
                0x20012a60                vex::forward
 .rodata._ZN3vex7secondsE
                0x20012a64        0x4 c:\Users\mua30.BARKER\AppData\Roaming\Code\User\globalStorage\vexrobotics.vexcode\sdk\cpp\IQ2\IQ2_20231003_10_00_00/vexiq2\libviq2rt.a(vex_global.cpp.o)
                0x20012a64                vex::seconds
 .rodata._ZN3vex4msecE
                0x20012a68        0x4 c:\Users\mua30.BARKER\AppData\Roaming\Code\User\globalStorage\vexrobotics.vexcode\sdk\cpp\IQ2\IQ2_20231003_10_00_00/vexiq2\libviq2rt.a(vex_global.cpp.o)
                0x20012a68                vex::msec
 .rodata._ZN3vex5PORT2E
                0x20012a6c        0x4 c:\Users\mua30.BARKER\AppData\Roaming\Code\User\globalStorage\vexrobotics.vexcode\sdk\cpp\IQ2\IQ2_20231003_10_00_00/vexiq2\libviq2rt.a(vex_global.cpp.o)
                0x20012a6c                vex::PORT2
 .rodata._ZN3vex6PORT11E
                0x20012a70        0x4 c:\Users\mua30.BARKER\AppData\Roaming\Code\User\globalStorage\vexrobotics.vexcode\sdk\cpp\IQ2\IQ2_20231003_10_00_00/vexiq2\libviq2rt.a(vex_global.cpp.o)
                0x20012a70                vex::PORT11
 .rodata._ZN3vex5PORT6E
                0x20012a74        0x4 c:\Users\mua30.BARKER\AppData\Roaming\Code\User\globalStorage\vexrobotics.vexcode\sdk\cpp\IQ2\IQ2_20231003_10_00_00/vexiq2\libviq2rt.a(vex_global.cpp.o)
                0x20012a74                vex::PORT6
 .rodata._ZN3vex7percentE
                0x20012a78        0x4 c:\Users\mua30.BARKER\AppData\Roaming\Code\User\globalStorage\vexrobotics.vexcode\sdk\cpp\IQ2\IQ2_20231003_10_00_00/vexiq2\libviq2rt.a(vex_global.cpp.o)
                0x20012a78                vex::percent
 .rodata._ZN3vex5turnsE
                0x20012a7c        0x4 c:\Users\mua30.BARKER\AppData\Roaming\Code\User\globalStorage\vexrobotics.vexcode\sdk\cpp\IQ2\IQ2_20231003_10_00_00/vexiq2\libviq2rt.a(vex_global.cpp.o)
                0x20012a7c                vex::turns
 .rodata._ZN3vex6PORT12E
                0x20012a80        0x4 c:\Users\mua30.BARKER\AppData\Roaming\Code\User\globalStorage\vexrobotics.vexcode\sdk\cpp\IQ2\IQ2_20231003_10_00_00/vexiq2\libviq2rt.a(vex_global.cpp.o)
                0x20012a80                vex::PORT12
 .rodata._ZN3vex5PORT7E
                0x20012a84        0x4 c:\Users\mua30.BARKER\AppData\Roaming\Code\User\globalStorage\vexrobotics.vexcode\sdk\cpp\IQ2\IQ2_20231003_10_00_00/vexiq2\libviq2rt.a(vex_global.cpp.o)
                0x20012a84                vex::PORT7
 .rodata._ZN3vex2mmE
                0x20012a88        0x4 c:\Users\mua30.BARKER\AppData\Roaming\Code\User\globalStorage\vexrobotics.vexcode\sdk\cpp\IQ2\IQ2_20231003_10_00_00/vexiq2\libviq2rt.a(vex_global.cpp.o)
                0x20012a88                vex::mm
 .rodata._ZN3vex9cylinder1E
                0x20012a8c        0x4 c:\Users\mua30.BARKER\AppData\Roaming\Code\User\globalStorage\vexrobotics.vexcode\sdk\cpp\IQ2\IQ2_20231003_10_00_00/vexiq2\libviq2rt.a(vex_global.cpp.o)
                0x20012a8c                vex::cylinder1
 .rodata.str1.1
                0x20012a90       0x14 c:\Users\mua30.BARKER\AppData\Roaming\Code\User\globalStorage\vexrobotics.vexcode\sdk\cpp\IQ2\IQ2_20231003_10_00_00/vexiq2\libviq2rt.a(vex_task.cpp.o)
 .rodata.str1.1
                0x20012aa4       0x20 c:\Users\mua30.BARKER\AppData\Roaming\Code\User\globalStorage\vexrobotics.vexcode\sdk\cpp\IQ2\IQ2_20231003_10_00_00/vexiq2\libviq2rt.a(vex_brain.cpp.o)
 *fill*         0x20012ac4        0x4 
 .rodata._ZTVN3vex5motorE
                0x20012ac8       0x10 c:\Users\mua30.BARKER\AppData\Roaming\Code\User\globalStorage\vexrobotics.vexcode\sdk\cpp\IQ2\IQ2_20231003_10_00_00/vexiq2\libviq2rt.a(vex_motor.cpp.o)
                0x20012ac8                vtable for vex::motor
 .rodata._ZTVN3vex8inertialE
                0x20012ad8       0x68 c:\Users\mua30.BARKER\AppData\Roaming\Code\User\globalStorage\vexrobotics.vexcode\sdk\cpp\IQ2\IQ2_20231003_10_00_00/vexiq2\libviq2rt.a(vex_imu.cpp.o)
                0x20012ad8                vtable for vex::inertial
 .rodata._ZTVN3vex8distanceE
                0x20012b40       0x10 c:\Users\mua30.BARKER\AppData\Roaming\Code\User\globalStorage\vexrobotics.vexcode\sdk\cpp\IQ2\IQ2_20231003_10_00_00/vexiq2\libviq2rt.a(vex_distance.cpp.o)
                0x20012b40                vtable for vex::distance
 .rodata._ZTVN3vex9pneumaticE
                0x20012b50       0x10 c:\Users\mua30.BARKER\AppData\Roaming\Code\User\globalStorage\vexrobotics.vexcode\sdk\cpp\IQ2\IQ2_20231003_10_00_00/vexiq2\libviq2rt.a(vex_pneumatic.cpp.o)
                0x20012b50                vtable for vex::pneumatic
 .rodata._ZTVN3vex6deviceE
                0x20012b60       0x10 c:\Users\mua30.BARKER\AppData\Roaming\Code\User\globalStorage\vexrobotics.vexcode\sdk\cpp\IQ2\IQ2_20231003_10_00_00/vexiq2\libviq2rt.a(vex_device.cpp.o)
                0x20012b60                vtable for vex::device
 .rodata.__sf_fake_stderr
                0x20012b70       0x20 c:\Users\mua30.BARKER\AppData\Roaming\Code\User\globalStorage\vexrobotics.vexcode\sdk\cpp\IQ2\IQ2_20231003_10_00_00/vexiq2/gcc/libs\libc_nano.a(lib_a-findfp.o)
                0x20012b70                __sf_fake_stderr
 .rodata.__sf_fake_stdin
                0x20012b90       0x20 c:\Users\mua30.BARKER\AppData\Roaming\Code\User\globalStorage\vexrobotics.vexcode\sdk\cpp\IQ2\IQ2_20231003_10_00_00/vexiq2/gcc/libs\libc_nano.a(lib_a-findfp.o)
                0x20012b90                __sf_fake_stdin
 .rodata.__sf_fake_stdout
                0x20012bb0       0x20 c:\Users\mua30.BARKER\AppData\Roaming\Code\User\globalStorage\vexrobotics.vexcode\sdk\cpp\IQ2\IQ2_20231003_10_00_00/vexiq2/gcc/libs\libc_nano.a(lib_a-findfp.o)
                0x20012bb0                __sf_fake_stdout
 .rodata.fmod.str1.4
                0x20012bd0        0x8 c:\Users\mua30.BARKER\AppData\Roaming\Code\User\globalStorage\vexrobotics.vexcode\sdk\cpp\IQ2\IQ2_20231003_10_00_00/vexiq2/gcc/libs\libm.a(lib_a-w_fmod.o)
                                  0x5 (size before relaxing)
 .rodata.Zero   0x20012bd8       0x10 c:\Users\mua30.BARKER\AppData\Roaming\Code\User\globalStorage\vexrobotics.vexcode\sdk\cpp\IQ2\IQ2_20231003_10_00_00/vexiq2/gcc/libs\libm.a(lib_a-e_fmod.o)
 *(.gnu.linkonce.r.*)
                0x20012be8                __rodata_end = .

.rodata1        0x20012be8        0x0
                0x20012be8                __rodata1_start = .
 *(.rodata1)
 *(.rodata1.*)
                0x20012be8                __rodata1_end = .

.sdata2         0x20012be8        0x0
                0x20012be8                __sdata2_start = .
 *(.sdata2)
 *(.sdata2.*)
 *(.gnu.linkonce.s2.*)
                0x20012be8                __sdata2_end = .

.sbss2          0x20012be8        0x0
                0x20012be8                __sbss2_start = .
 *(.sbss2)
 *(.sbss2.*)
 *(.gnu.linkonce.sb2.*)
                0x20012be8                __sbss2_end = .

.data           0x20012be8       0x6d
                0x20012be8                __data_start = .
                0x20012be8                __data_load = .
 *(.data)
 *(.data.*)
 .data.__yoff   0x20012be8        0x4 c:\Users\mua30.BARKER\AppData\Roaming\Code\User\globalStorage\vexrobotics.vexcode\sdk\cpp\IQ2\IQ2_20231003_10_00_00/vexiq2\libviq2rt.a(iq2_apijump.c.o)
 .data._ZN3vex24__default_motor_velocityE
                0x20012bec        0x4 c:\Users\mua30.BARKER\AppData\Roaming\Code\User\globalStorage\vexrobotics.vexcode\sdk\cpp\IQ2\IQ2_20231003_10_00_00/vexiq2\libviq2rt.a(vex_motor.cpp.o)
                0x20012bec                vex::__default_motor_velocity
 .data._impure_ptr
                0x20012bf0        0x4 c:\Users\mua30.BARKER\AppData\Roaming\Code\User\globalStorage\vexrobotics.vexcode\sdk\cpp\IQ2\IQ2_20231003_10_00_00/vexiq2/gcc/libs\libc_nano.a(lib_a-impure.o)
                0x20012bf0                _impure_ptr
 .data.impure_data
                0x20012bf4       0x60 c:\Users\mua30.BARKER\AppData\Roaming\Code\User\globalStorage\vexrobotics.vexcode\sdk\cpp\IQ2\IQ2_20231003_10_00_00/vexiq2/gcc/libs\libc_nano.a(lib_a-impure.o)
 .data.__fdlib_version
                0x20012c54        0x1 c:\Users\mua30.BARKER\AppData\Roaming\Code\User\globalStorage\vexrobotics.vexcode\sdk\cpp\IQ2\IQ2_20231003_10_00_00/vexiq2/gcc/libs\libm.a(lib_a-s_lib_ver.o)
                0x20012c54                __fdlib_version
 *(.gnu.linkonce.d.*)
 *(.jcr)
 *(.got)
 *(.got.plt)
                0x20012c55                __data_end = .

.igot.plt       0x20012c58        0x0
 .igot.plt      0x00000000        0x0 build/src/main.o

.data1          0x20012c55        0x0
                0x20012c55                __data1_start = .
                0x20012c55                __data1_load = .
 *(.data1)
 *(.data1.*)
                0x20012c55                __data1_end = .

.got
 *(.got)

.ctors          0x20012c55        0x0
                0x20012c55                __CTOR_LIST__ = .
                0x20012c55                ___CTORS_LIST___ = .
 *crtbegin.o(.ctors)
 *(EXCLUDE_FILE(*crtend.o) .ctors)
 *(SORT(.ctors.*))
 *(.ctors)
                0x20012c55                __CTOR_END__ = .
                0x20012c55                ___CTORS_END___ = .

.dtors          0x20012c55        0x0
                0x20012c55                __DTOR_LIST__ = .
                0x20012c55                ___DTORS_LIST___ = .
 *crtbegin.o(.dtors)
 *(EXCLUDE_FILE(*crtend.o) .dtors)
 *(SORT(.dtors.*))
 *(.dtors)
                0x20012c55                __DTOR_END__ = .
                0x20012c55                ___DTORS_END___ = .

.fixup          0x20012c55        0x0
                0x20012c55                __fixup_start = .
 *(.fixup)
                0x20012c55                __fixup_end = .

.eh_frame
 *(.eh_frame)

.eh_framehdr    0x20012c55        0x0
                0x20012c55                __eh_framehdr_start = .
 *(.eh_framehdr)
                0x20012c55                __eh_framehdr_end = .

.gcc_except_table
 *(.gcc_except_table)

.mmu_tbl        0x20014000        0x0
                0x20014000                __mmu_tbl_start = .
 *(.mmu_tbl)
                0x20014000                __mmu_tbl_end = .

.ARM.exidx      0x20012c58        0x8
                0x20012c58                __exidx_start = .
 *(.ARM.exidx*)
 .ARM.exidx.text._Z5setupv
                0x20012c58        0x8 build/src/main.o
 .ARM.exidx.text._Z11liftControlv
                0x20012c60        0x0 build/src/main.o
                                  0x8 (size before relaxing)
 .ARM.exidx.text._Z12driveControlff
                0x20012c60        0x0 build/src/main.o
                                  0x8 (size before relaxing)
 .ARM.exidx.text.main
                0x20012c60        0x0 build/src/main.o
                                  0x8 (size before relaxing)
 .ARM.exidx.text._GLOBAL__sub_I_main.cpp
                0x20012c60        0x0 build/src/main.o
                                  0x8 (size before relaxing)
 *(.gnu.linkonce.armexidix.*.*)
                0x20012c60                __exidx_end = .

.rel.dyn        0x20012c60        0x0
 .rel.iplt      0x00000000        0x0 build/src/main.o

.preinit_array  0x20012c60        0x0
                0x20012c60                __preinit_array_start = .
 *(SORT(.preinit_array.*))
 *(.preinit_array)
                0x20012c60                __preinit_array_end = .

.init_array     0x20012c60        0x8
                0x20012c60                __init_array_start = .
 *(SORT(.init_array.*))
 *(.init_array)
 .init_array    0x20012c60        0x4 build/src/main.o
 .init_array    0x20012c64        0x4 c:\Users\mua30.BARKER\AppData\Roaming\Code\User\globalStorage\vexrobotics.vexcode\sdk\cpp\IQ2\IQ2_20231003_10_00_00/vexiq2\libviq2rt.a(vex_color.cpp.o)
                0x20012c68                __init_array_end = .

.fini_array     0x20012c68        0x0
                0x20012c68                __fini_array_start = .
 *(SORT(.fini_array.*))
 *(.fini_array)
                0x20012c68                __fini_array_end = .

.ARM.attributes
                0x20012c68       0x3d
                0x20012c68                __ARM.attributes_start = .
 *(.ARM.attributes)
 .ARM.attributes
                0x20012c68       0x49 build/src/main.o
 .ARM.attributes
                0x20012cb1       0x39 c:\Users\mua30.BARKER\AppData\Roaming\Code\User\globalStorage\vexrobotics.vexcode\sdk\cpp\IQ2\IQ2_20231003_10_00_00/vexiq2\libviq2rt.a(iq2_startup.c.o)
 .ARM.attributes
                0x20012cea       0x39 c:\Users\mua30.BARKER\AppData\Roaming\Code\User\globalStorage\vexrobotics.vexcode\sdk\cpp\IQ2\IQ2_20231003_10_00_00/vexiq2\libviq2rt.a(iq2_apijump.c.o)
 .ARM.attributes
                0x20012d23       0x39 c:\Users\mua30.BARKER\AppData\Roaming\Code\User\globalStorage\vexrobotics.vexcode\sdk\cpp\IQ2\IQ2_20231003_10_00_00/vexiq2\libviq2rt.a(vex_global.cpp.o)
 .ARM.attributes
                0x20012d5c       0x39 c:\Users\mua30.BARKER\AppData\Roaming\Code\User\globalStorage\vexrobotics.vexcode\sdk\cpp\IQ2\IQ2_20231003_10_00_00/vexiq2\libviq2rt.a(vex_color.cpp.o)
 .ARM.attributes
                0x20012d95       0x39 c:\Users\mua30.BARKER\AppData\Roaming\Code\User\globalStorage\vexrobotics.vexcode\sdk\cpp\IQ2\IQ2_20231003_10_00_00/vexiq2\libviq2rt.a(vex_task.cpp.o)
 .ARM.attributes
                0x20012dce       0x39 c:\Users\mua30.BARKER\AppData\Roaming\Code\User\globalStorage\vexrobotics.vexcode\sdk\cpp\IQ2\IQ2_20231003_10_00_00/vexiq2\libviq2rt.a(vex_thread.cpp.o)
 .ARM.attributes
                0x20012e07       0x39 c:\Users\mua30.BARKER\AppData\Roaming\Code\User\globalStorage\vexrobotics.vexcode\sdk\cpp\IQ2\IQ2_20231003_10_00_00/vexiq2\libviq2rt.a(vex_brain.cpp.o)
 .ARM.attributes
                0x20012e40       0x39 c:\Users\mua30.BARKER\AppData\Roaming\Code\User\globalStorage\vexrobotics.vexcode\sdk\cpp\IQ2\IQ2_20231003_10_00_00/vexiq2\libviq2rt.a(vex_timer.cpp.o)
 .ARM.attributes
                0x20012e79       0x39 c:\Users\mua30.BARKER\AppData\Roaming\Code\User\globalStorage\vexrobotics.vexcode\sdk\cpp\IQ2\IQ2_20231003_10_00_00/vexiq2\libviq2rt.a(vex_motor.cpp.o)
 .ARM.attributes
                0x20012eb2       0x39 c:\Users\mua30.BARKER\AppData\Roaming\Code\User\globalStorage\vexrobotics.vexcode\sdk\cpp\IQ2\IQ2_20231003_10_00_00/vexiq2\libviq2rt.a(vex_imu.cpp.o)
 .ARM.attributes
                0x20012eeb       0x39 c:\Users\mua30.BARKER\AppData\Roaming\Code\User\globalStorage\vexrobotics.vexcode\sdk\cpp\IQ2\IQ2_20231003_10_00_00/vexiq2\libviq2rt.a(vex_distance.cpp.o)
 .ARM.attributes
                0x20012f24       0x39 c:\Users\mua30.BARKER\AppData\Roaming\Code\User\globalStorage\vexrobotics.vexcode\sdk\cpp\IQ2\IQ2_20231003_10_00_00/vexiq2\libviq2rt.a(vex_pneumatic.cpp.o)
 .ARM.attributes
                0x20012f5d       0x39 c:\Users\mua30.BARKER\AppData\Roaming\Code\User\globalStorage\vexrobotics.vexcode\sdk\cpp\IQ2\IQ2_20231003_10_00_00/vexiq2\libviq2rt.a(vex_controller.cpp.o)
 .ARM.attributes
                0x20012f96       0x39 c:\Users\mua30.BARKER\AppData\Roaming\Code\User\globalStorage\vexrobotics.vexcode\sdk\cpp\IQ2\IQ2_20231003_10_00_00/vexiq2\libviq2rt.a(vex_event.cpp.o)
 .ARM.attributes
                0x20012fcf       0x39 c:\Users\mua30.BARKER\AppData\Roaming\Code\User\globalStorage\vexrobotics.vexcode\sdk\cpp\IQ2\IQ2_20231003_10_00_00/vexiq2\libviq2rt.a(vex_device.cpp.o)
 .ARM.attributes
                0x20013008       0x34 c:\Users\mua30.BARKER\AppData\Roaming\Code\User\globalStorage\vexrobotics.vexcode\sdk\cpp\IQ2\IQ2_20231003_10_00_00/vexiq2/gcc/libs\libc_nano.a(lib_a-aeabi_atexit.o)
 .ARM.attributes
                0x2001303c       0x34 c:\Users\mua30.BARKER\AppData\Roaming\Code\User\globalStorage\vexrobotics.vexcode\sdk\cpp\IQ2\IQ2_20231003_10_00_00/vexiq2/gcc/libs\libc_nano.a(lib_a-findfp.o)
 .ARM.attributes
                0x20013070       0x34 c:\Users\mua30.BARKER\AppData\Roaming\Code\User\globalStorage\vexrobotics.vexcode\sdk\cpp\IQ2\IQ2_20231003_10_00_00/vexiq2/gcc/libs\libc_nano.a(lib_a-impure.o)
 .ARM.attributes
                0x200130a4       0x34 c:\Users\mua30.BARKER\AppData\Roaming\Code\User\globalStorage\vexrobotics.vexcode\sdk\cpp\IQ2\IQ2_20231003_10_00_00/vexiq2/gcc/libs\libc_nano.a(lib_a-init.o)
 .ARM.attributes
                0x200130d8       0x34 c:\Users\mua30.BARKER\AppData\Roaming\Code\User\globalStorage\vexrobotics.vexcode\sdk\cpp\IQ2\IQ2_20231003_10_00_00/vexiq2/gcc/libs\libc_nano.a(lib_a-nano-freer.o)
 .ARM.attributes
                0x2001310c       0x34 c:\Users\mua30.BARKER\AppData\Roaming\Code\User\globalStorage\vexrobotics.vexcode\sdk\cpp\IQ2\IQ2_20231003_10_00_00/vexiq2/gcc/libs\libc_nano.a(lib_a-nano-mallocr.o)
 .ARM.attributes
                0x20013140       0x34 c:\Users\mua30.BARKER\AppData\Roaming\Code\User\globalStorage\vexrobotics.vexcode\sdk\cpp\IQ2\IQ2_20231003_10_00_00/vexiq2/gcc/libs\libc_nano.a(lib_a-mlock.o)
 .ARM.attributes
                0x20013174       0x34 c:\Users\mua30.BARKER\AppData\Roaming\Code\User\globalStorage\vexrobotics.vexcode\sdk\cpp\IQ2\IQ2_20231003_10_00_00/vexiq2/gcc/libs\libstdc++_nano.a(del_op.o)
 .ARM.attributes
                0x200131a8       0x34 c:\Users\mua30.BARKER\AppData\Roaming\Code\User\globalStorage\vexrobotics.vexcode\sdk\cpp\IQ2\IQ2_20231003_10_00_00/vexiq2/gcc/libs\libm.a(lib_a-w_fmod.o)
 .ARM.attributes
                0x200131dc       0x34 c:\Users\mua30.BARKER\AppData\Roaming\Code\User\globalStorage\vexrobotics.vexcode\sdk\cpp\IQ2\IQ2_20231003_10_00_00/vexiq2/gcc/libs\libm.a(lib_a-e_fmod.o)
 .ARM.attributes
                0x20013210       0x34 c:\Users\mua30.BARKER\AppData\Roaming\Code\User\globalStorage\vexrobotics.vexcode\sdk\cpp\IQ2\IQ2_20231003_10_00_00/vexiq2/gcc/libs\libm.a(lib_a-s_lib_ver.o)
 .ARM.attributes
                0x20013244       0x34 c:\Users\mua30.BARKER\AppData\Roaming\Code\User\globalStorage\vexrobotics.vexcode\sdk\cpp\IQ2\IQ2_20231003_10_00_00/vexiq2/gcc/libs\libm.a(lib_a-s_matherr.o)
 .ARM.attributes
                0x20013278       0x22 c:\Users\mua30.BARKER\AppData\Roaming\Code\User\globalStorage\vexrobotics.vexcode\sdk\cpp\IQ2\IQ2_20231003_10_00_00/vexiq2/gcc/libs\libgcc.a(_arm_addsubdf3.o)
 .ARM.attributes
                0x2001329a       0x22 c:\Users\mua30.BARKER\AppData\Roaming\Code\User\globalStorage\vexrobotics.vexcode\sdk\cpp\IQ2\IQ2_20231003_10_00_00/vexiq2/gcc/libs\libgcc.a(_arm_muldivdf3.o)
 .ARM.attributes
                0x200132bc       0x22 c:\Users\mua30.BARKER\AppData\Roaming\Code\User\globalStorage\vexrobotics.vexcode\sdk\cpp\IQ2\IQ2_20231003_10_00_00/vexiq2/gcc/libs\libgcc.a(_arm_cmpdf2.o)
 .ARM.attributes
                0x200132de       0x22 c:\Users\mua30.BARKER\AppData\Roaming\Code\User\globalStorage\vexrobotics.vexcode\sdk\cpp\IQ2\IQ2_20231003_10_00_00/vexiq2/gcc/libs\libgcc.a(_arm_unorddf2.o)
 .ARM.attributes
                0x20013300       0x22 c:\Users\mua30.BARKER\AppData\Roaming\Code\User\globalStorage\vexrobotics.vexcode\sdk\cpp\IQ2\IQ2_20231003_10_00_00/vexiq2/gcc/libs\libgcc.a(_arm_fixdfsi.o)
 .ARM.attributes
                0x20013322       0x39 c:\Users\mua30.BARKER\AppData\Roaming\Code\User\globalStorage\vexrobotics.vexcode\sdk\cpp\IQ2\IQ2_20231003_10_00_00/vexiq2\libviq2rt.a(iq2_fstubs.c.o)
 .ARM.attributes
                0x2001335b       0x34 c:\Users\mua30.BARKER\AppData\Roaming\Code\User\globalStorage\vexrobotics.vexcode\sdk\cpp\IQ2\IQ2_20231003_10_00_00/vexiq2/gcc/libs\libc_nano.a(lib_a-malloc.o)
                0x2001338f                __ARM.attributes_end = .

.sdata          0x20012c68        0x0
                0x20012c68                __sdata_start = .
 *(.sdata)
 *(.sdata.*)
 *(.gnu.linkonce.s.*)
                0x20012c68                __sdata_end = .

.sbss           0x20012c68        0x0
                0x20012c68                __sbss_start = .
 *(.sbss)
 *(.sbss.*)
 *(.gnu.linkonce.sb.*)
                0x20012c68                __sbss_end = .

.tdata          0x20012c68        0x0
                0x20012c68                __tdata_start = .
 *(.tdata)
 *(.tdata.*)
 *(.gnu.linkonce.td.*)
                0x20012c68                __tdata_end = .

.tbss           0x20012c68        0x0
                0x20012c68                __tbss_start = .
 *(.tbss)
 *(.tbss.*)
 *(.gnu.linkonce.tb.*)
                0x20012c68                __tbss_end = .

.bss            0x20012c68      0x308
                0x20012c68                __bss_start = .
 *(.bss)
 *(.bss.*)
 .bss.Brain     0x20012c68       0xc4 build/src/main.o
                0x20012c68                Brain
 .bss.Controller
                0x20012d2c       0x78 build/src/main.o
                0x20012d2c                Controller
 .bss.leftLift  0x20012da4       0x30 build/src/main.o
                0x20012da4                leftLift
 .bss.rightLift
                0x20012dd4       0x30 build/src/main.o
                0x20012dd4                rightLift
 .bss.leftDrive
                0x20012e04       0x30 build/src/main.o
                0x20012e04                leftDrive
 .bss.rightDrive
                0x20012e34       0x30 build/src/main.o
                0x20012e34                rightDrive
 .bss.pnumatic  0x20012e64       0x14 build/src/main.o
                0x20012e64                pnumatic
 .bss.dist1     0x20012e78       0x14 build/src/main.o
                0x20012e78                dist1
 .bss.dist2     0x20012e8c       0x14 build/src/main.o
                0x20012e8c                dist2
 .bss.imu       0x20012ea0       0x38 build/src/main.o
                0x20012ea0                imu
 .bss.__vex_critical_section
                0x20012ed8        0x1 c:\Users\mua30.BARKER\AppData\Roaming\Code\User\globalStorage\vexrobotics.vexcode\sdk\cpp\IQ2\IQ2_20231003_10_00_00/vexiq2\libviq2rt.a(iq2_startup.c.o)
                0x20012ed8                __vex_critical_section
 *fill*         0x20012ed9        0x3 
 .bss.__dso_handle
                0x20012edc        0x4 c:\Users\mua30.BARKER\AppData\Roaming\Code\User\globalStorage\vexrobotics.vexcode\sdk\cpp\IQ2\IQ2_20231003_10_00_00/vexiq2\libviq2rt.a(iq2_startup.c.o)
                0x20012edc                __dso_handle
 .bss._ZN3vex5color6orangeE
                0x20012ee0        0x8 c:\Users\mua30.BARKER\AppData\Roaming\Code\User\globalStorage\vexrobotics.vexcode\sdk\cpp\IQ2\IQ2_20231003_10_00_00/vexiq2\libviq2rt.a(vex_color.cpp.o)
                0x20012ee0                vex::color::orange
 .bss._ZN3vex5color13yellow_orangeE
                0x20012ee8        0x8 c:\Users\mua30.BARKER\AppData\Roaming\Code\User\globalStorage\vexrobotics.vexcode\sdk\cpp\IQ2\IQ2_20231003_10_00_00/vexiq2\libviq2rt.a(vex_color.cpp.o)
                0x20012ee8                vex::color::yellow_orange
 .bss._ZN3vex5color6violetE
                0x20012ef0        0x8 c:\Users\mua30.BARKER\AppData\Roaming\Code\User\globalStorage\vexrobotics.vexcode\sdk\cpp\IQ2\IQ2_20231003_10_00_00/vexiq2\libviq2rt.a(vex_color.cpp.o)
                0x20012ef0                vex::color::violet
 .bss._ZN3vex5color12yellow_greenE
                0x20012ef8        0x8 c:\Users\mua30.BARKER\AppData\Roaming\Code\User\globalStorage\vexrobotics.vexcode\sdk\cpp\IQ2\IQ2_20231003_10_00_00/vexiq2\libviq2rt.a(vex_color.cpp.o)
                0x20012ef8                vex::color::yellow_green
 .bss._ZN3vex5color5blackE
                0x20012f00        0x8 c:\Users\mua30.BARKER\AppData\Roaming\Code\User\globalStorage\vexrobotics.vexcode\sdk\cpp\IQ2\IQ2_20231003_10_00_00/vexiq2\libviq2rt.a(vex_color.cpp.o)
                0x20012f00                vex::color::black
 .bss._ZN3vex5color6yellowE
                0x20012f08        0x8 c:\Users\mua30.BARKER\AppData\Roaming\Code\User\globalStorage\vexrobotics.vexcode\sdk\cpp\IQ2\IQ2_20231003_10_00_00/vexiq2\libviq2rt.a(vex_color.cpp.o)
                0x20012f08                vex::color::yellow
 .bss._ZN3vex5color5greenE
                0x20012f10        0x8 c:\Users\mua30.BARKER\AppData\Roaming\Code\User\globalStorage\vexrobotics.vexcode\sdk\cpp\IQ2\IQ2_20231003_10_00_00/vexiq2\libviq2rt.a(vex_color.cpp.o)
                0x20012f10                vex::color::green
 .bss._ZN3vex5color6purpleE
                0x20012f18        0x8 c:\Users\mua30.BARKER\AppData\Roaming\Code\User\globalStorage\vexrobotics.vexcode\sdk\cpp\IQ2\IQ2_20231003_10_00_00/vexiq2\libviq2rt.a(vex_color.cpp.o)
                0x20012f18                vex::color::purple
 .bss._ZN3vex5color4cyanE
                0x20012f20        0x8 c:\Users\mua30.BARKER\AppData\Roaming\Code\User\globalStorage\vexrobotics.vexcode\sdk\cpp\IQ2\IQ2_20231003_10_00_00/vexiq2\libviq2rt.a(vex_color.cpp.o)
                0x20012f20                vex::color::cyan
 .bss._ZN3vex5color10red_violetE
                0x20012f28        0x8 c:\Users\mua30.BARKER\AppData\Roaming\Code\User\globalStorage\vexrobotics.vexcode\sdk\cpp\IQ2\IQ2_20231003_10_00_00/vexiq2\libviq2rt.a(vex_color.cpp.o)
                0x20012f28                vex::color::red_violet
 .bss._ZN3vex5color4blueE
                0x20012f30        0x8 c:\Users\mua30.BARKER\AppData\Roaming\Code\User\globalStorage\vexrobotics.vexcode\sdk\cpp\IQ2\IQ2_20231003_10_00_00/vexiq2\libviq2rt.a(vex_color.cpp.o)
                0x20012f30                vex::color::blue
 .bss._ZN3vex5color3redE
                0x20012f38        0x8 c:\Users\mua30.BARKER\AppData\Roaming\Code\User\globalStorage\vexrobotics.vexcode\sdk\cpp\IQ2\IQ2_20231003_10_00_00/vexiq2\libviq2rt.a(vex_color.cpp.o)
                0x20012f38                vex::color::red
 .bss._ZN3vex5color11blue_violetE
                0x20012f40        0x8 c:\Users\mua30.BARKER\AppData\Roaming\Code\User\globalStorage\vexrobotics.vexcode\sdk\cpp\IQ2\IQ2_20231003_10_00_00/vexiq2\libviq2rt.a(vex_color.cpp.o)
                0x20012f40                vex::color::blue_violet
 .bss._ZN3vex5color10blue_greenE
                0x20012f48        0x8 c:\Users\mua30.BARKER\AppData\Roaming\Code\User\globalStorage\vexrobotics.vexcode\sdk\cpp\IQ2\IQ2_20231003_10_00_00/vexiq2\libviq2rt.a(vex_color.cpp.o)
                0x20012f48                vex::color::blue_green
 .bss._ZN3vex5color11transparentE
                0x20012f50        0x8 c:\Users\mua30.BARKER\AppData\Roaming\Code\User\globalStorage\vexrobotics.vexcode\sdk\cpp\IQ2\IQ2_20231003_10_00_00/vexiq2\libviq2rt.a(vex_color.cpp.o)
                0x20012f50                vex::color::transparent
 .bss._ZN3vex5color5whiteE
                0x20012f58        0x8 c:\Users\mua30.BARKER\AppData\Roaming\Code\User\globalStorage\vexrobotics.vexcode\sdk\cpp\IQ2\IQ2_20231003_10_00_00/vexiq2\libviq2rt.a(vex_color.cpp.o)
                0x20012f58                vex::color::white
 .bss._ZN3vex5color10red_orangeE
                0x20012f60        0x8 c:\Users\mua30.BARKER\AppData\Roaming\Code\User\globalStorage\vexrobotics.vexcode\sdk\cpp\IQ2\IQ2_20231003_10_00_00/vexiq2\libviq2rt.a(vex_color.cpp.o)
                0x20012f60                vex::color::red_orange
 .bss._ZN3vex4task8_labelIdE
                0x20012f68        0x4 c:\Users\mua30.BARKER\AppData\Roaming\Code\User\globalStorage\vexrobotics.vexcode\sdk\cpp\IQ2\IQ2_20231003_10_00_00/vexiq2\libviq2rt.a(vex_task.cpp.o)
                0x20012f68                vex::task::_labelId
 .bss.__malloc_free_list
                0x20012f6c        0x4 c:\Users\mua30.BARKER\AppData\Roaming\Code\User\globalStorage\vexrobotics.vexcode\sdk\cpp\IQ2\IQ2_20231003_10_00_00/vexiq2/gcc/libs\libc_nano.a(lib_a-nano-mallocr.o)
                0x20012f6c                __malloc_free_list
 *(.gnu.linkonce.b.*)
 *(COMMON)
                0x20012f70                __bss_end = .
                0x20012c68                _SDA_BASE_ = (__sdata_start + ((__sbss_end - __sdata_start) / 0x2))
                0x20012be8                _SDA2_BASE_ = (__sdata2_start + ((__sbss2_end - __sdata2_start) / 0x2))

.heap           0x20012f70     0x1000
                0x20012f70                . = ALIGN (0x10)
                0x20012f70                _heap = .
                0x20012f70                HeapBase = .
                0x20012f70                _heap_start = .
                0x20013f70                . = (. + _HEAP_SIZE)
 *fill*         0x20012f70     0x1000 
                0x20013f70                _heap_end = .
                0x20013f70                HeapLimit = .

.stack          0x20013f70       0x20
                0x20013f70                . = ALIGN (0x10)
                0x20013f70                _stack_end = .
                0x20013f90                . = (. + _STACK_SIZE)
 *fill*         0x20013f70       0x20 
                0x20013f90                . = ALIGN (0x10)
                0x20013f90                _stack = .
                0x20013f90                __stack = _stack
                0x20013f90                _end = .
LOAD build/src/main.o
START GROUP
LOAD c:\Users\mua30.BARKER\AppData\Roaming\Code\User\globalStorage\vexrobotics.vexcode\sdk\cpp\IQ2\IQ2_20231003_10_00_00/vexiq2\libviq2rt.a
LOAD c:\Users\mua30.BARKER\AppData\Roaming\Code\User\globalStorage\vexrobotics.vexcode\sdk\cpp\IQ2\IQ2_20231003_10_00_00/vexiq2/gcc/libs\libc_nano.a
LOAD c:\Users\mua30.BARKER\AppData\Roaming\Code\User\globalStorage\vexrobotics.vexcode\sdk\cpp\IQ2\IQ2_20231003_10_00_00/vexiq2/gcc/libs\libstdc++_nano.a
LOAD c:\Users\mua30.BARKER\AppData\Roaming\Code\User\globalStorage\vexrobotics.vexcode\sdk\cpp\IQ2\IQ2_20231003_10_00_00/vexiq2/gcc/libs\libm.a
LOAD c:\Users\mua30.BARKER\AppData\Roaming\Code\User\globalStorage\vexrobotics.vexcode\sdk\cpp\IQ2\IQ2_20231003_10_00_00/vexiq2/gcc/libs\libgcc.a
END GROUP
OUTPUT(build/dchwb.elf elf32-littlearm)

.comment        0x00000000       0x9d
 .comment       0x00000000       0x2d build/src/main.o
                                 0x2e (size before relaxing)
 .comment       0x0000002d       0x70 c:\Users\mua30.BARKER\AppData\Roaming\Code\User\globalStorage\vexrobotics.vexcode\sdk\cpp\IQ2\IQ2_20231003_10_00_00/vexiq2\libviq2rt.a(iq2_startup.c.o)
                                 0x71 (size before relaxing)
 .comment       0x00000000       0x71 c:\Users\mua30.BARKER\AppData\Roaming\Code\User\globalStorage\vexrobotics.vexcode\sdk\cpp\IQ2\IQ2_20231003_10_00_00/vexiq2\libviq2rt.a(iq2_apijump.c.o)
 .comment       0x00000000       0x71 c:\Users\mua30.BARKER\AppData\Roaming\Code\User\globalStorage\vexrobotics.vexcode\sdk\cpp\IQ2\IQ2_20231003_10_00_00/vexiq2\libviq2rt.a(vex_global.cpp.o)
 .comment       0x00000000       0x71 c:\Users\mua30.BARKER\AppData\Roaming\Code\User\globalStorage\vexrobotics.vexcode\sdk\cpp\IQ2\IQ2_20231003_10_00_00/vexiq2\libviq2rt.a(vex_color.cpp.o)
 .comment       0x00000000       0x71 c:\Users\mua30.BARKER\AppData\Roaming\Code\User\globalStorage\vexrobotics.vexcode\sdk\cpp\IQ2\IQ2_20231003_10_00_00/vexiq2\libviq2rt.a(vex_task.cpp.o)
 .comment       0x00000000       0x71 c:\Users\mua30.BARKER\AppData\Roaming\Code\User\globalStorage\vexrobotics.vexcode\sdk\cpp\IQ2\IQ2_20231003_10_00_00/vexiq2\libviq2rt.a(vex_thread.cpp.o)
 .comment       0x00000000       0x71 c:\Users\mua30.BARKER\AppData\Roaming\Code\User\globalStorage\vexrobotics.vexcode\sdk\cpp\IQ2\IQ2_20231003_10_00_00/vexiq2\libviq2rt.a(vex_brain.cpp.o)
 .comment       0x00000000       0x71 c:\Users\mua30.BARKER\AppData\Roaming\Code\User\globalStorage\vexrobotics.vexcode\sdk\cpp\IQ2\IQ2_20231003_10_00_00/vexiq2\libviq2rt.a(vex_timer.cpp.o)
 .comment       0x00000000       0x71 c:\Users\mua30.BARKER\AppData\Roaming\Code\User\globalStorage\vexrobotics.vexcode\sdk\cpp\IQ2\IQ2_20231003_10_00_00/vexiq2\libviq2rt.a(vex_motor.cpp.o)
 .comment       0x00000000       0x71 c:\Users\mua30.BARKER\AppData\Roaming\Code\User\globalStorage\vexrobotics.vexcode\sdk\cpp\IQ2\IQ2_20231003_10_00_00/vexiq2\libviq2rt.a(vex_imu.cpp.o)
 .comment       0x00000000       0x71 c:\Users\mua30.BARKER\AppData\Roaming\Code\User\globalStorage\vexrobotics.vexcode\sdk\cpp\IQ2\IQ2_20231003_10_00_00/vexiq2\libviq2rt.a(vex_distance.cpp.o)
 .comment       0x00000000       0x71 c:\Users\mua30.BARKER\AppData\Roaming\Code\User\globalStorage\vexrobotics.vexcode\sdk\cpp\IQ2\IQ2_20231003_10_00_00/vexiq2\libviq2rt.a(vex_pneumatic.cpp.o)
 .comment       0x00000000       0x71 c:\Users\mua30.BARKER\AppData\Roaming\Code\User\globalStorage\vexrobotics.vexcode\sdk\cpp\IQ2\IQ2_20231003_10_00_00/vexiq2\libviq2rt.a(vex_controller.cpp.o)
 .comment       0x00000000       0x71 c:\Users\mua30.BARKER\AppData\Roaming\Code\User\globalStorage\vexrobotics.vexcode\sdk\cpp\IQ2\IQ2_20231003_10_00_00/vexiq2\libviq2rt.a(vex_event.cpp.o)
 .comment       0x00000000       0x71 c:\Users\mua30.BARKER\AppData\Roaming\Code\User\globalStorage\vexrobotics.vexcode\sdk\cpp\IQ2\IQ2_20231003_10_00_00/vexiq2\libviq2rt.a(vex_device.cpp.o)
 .comment       0x00000000       0x71 c:\Users\mua30.BARKER\AppData\Roaming\Code\User\globalStorage\vexrobotics.vexcode\sdk\cpp\IQ2\IQ2_20231003_10_00_00/vexiq2\libviq2rt.a(iq2_fstubs.c.o)

.note.GNU-stack
                0x00000000        0x0
 .note.GNU-stack
                0x00000000        0x0 build/src/main.o

.debug_frame    0x00000000      0x4f0
 .debug_frame   0x00000000       0x20 c:\Users\mua30.BARKER\AppData\Roaming\Code\User\globalStorage\vexrobotics.vexcode\sdk\cpp\IQ2\IQ2_20231003_10_00_00/vexiq2/gcc/libs\libc_nano.a(lib_a-aeabi_atexit.o)
 .debug_frame   0x00000020      0x11c c:\Users\mua30.BARKER\AppData\Roaming\Code\User\globalStorage\vexrobotics.vexcode\sdk\cpp\IQ2\IQ2_20231003_10_00_00/vexiq2/gcc/libs\libc_nano.a(lib_a-findfp.o)
 .debug_frame   0x0000013c       0x2c c:\Users\mua30.BARKER\AppData\Roaming\Code\User\globalStorage\vexrobotics.vexcode\sdk\cpp\IQ2\IQ2_20231003_10_00_00/vexiq2/gcc/libs\libc_nano.a(lib_a-init.o)
 .debug_frame   0x00000168       0x38 c:\Users\mua30.BARKER\AppData\Roaming\Code\User\globalStorage\vexrobotics.vexcode\sdk\cpp\IQ2\IQ2_20231003_10_00_00/vexiq2/gcc/libs\libc_nano.a(lib_a-nano-freer.o)
 .debug_frame   0x000001a0       0x2c c:\Users\mua30.BARKER\AppData\Roaming\Code\User\globalStorage\vexrobotics.vexcode\sdk\cpp\IQ2\IQ2_20231003_10_00_00/vexiq2/gcc/libs\libc_nano.a(lib_a-nano-mallocr.o)
 .debug_frame   0x000001cc       0x30 c:\Users\mua30.BARKER\AppData\Roaming\Code\User\globalStorage\vexrobotics.vexcode\sdk\cpp\IQ2\IQ2_20231003_10_00_00/vexiq2/gcc/libs\libc_nano.a(lib_a-mlock.o)
 .debug_frame   0x000001fc       0x20 c:\Users\mua30.BARKER\AppData\Roaming\Code\User\globalStorage\vexrobotics.vexcode\sdk\cpp\IQ2\IQ2_20231003_10_00_00/vexiq2/gcc/libs\libstdc++_nano.a(del_op.o)
 .debug_frame   0x0000021c       0x4c c:\Users\mua30.BARKER\AppData\Roaming\Code\User\globalStorage\vexrobotics.vexcode\sdk\cpp\IQ2\IQ2_20231003_10_00_00/vexiq2/gcc/libs\libm.a(lib_a-w_fmod.o)
 .debug_frame   0x00000268       0x34 c:\Users\mua30.BARKER\AppData\Roaming\Code\User\globalStorage\vexrobotics.vexcode\sdk\cpp\IQ2\IQ2_20231003_10_00_00/vexiq2/gcc/libs\libm.a(lib_a-e_fmod.o)
 .debug_frame   0x0000029c       0x20 c:\Users\mua30.BARKER\AppData\Roaming\Code\User\globalStorage\vexrobotics.vexcode\sdk\cpp\IQ2\IQ2_20231003_10_00_00/vexiq2/gcc/libs\libm.a(lib_a-s_matherr.o)
 .debug_frame   0x000002bc       0xac c:\Users\mua30.BARKER\AppData\Roaming\Code\User\globalStorage\vexrobotics.vexcode\sdk\cpp\IQ2\IQ2_20231003_10_00_00/vexiq2/gcc/libs\libgcc.a(_arm_addsubdf3.o)
 .debug_frame   0x00000368       0x50 c:\Users\mua30.BARKER\AppData\Roaming\Code\User\globalStorage\vexrobotics.vexcode\sdk\cpp\IQ2\IQ2_20231003_10_00_00/vexiq2/gcc/libs\libgcc.a(_arm_muldivdf3.o)
 .debug_frame   0x000003b8       0xc4 c:\Users\mua30.BARKER\AppData\Roaming\Code\User\globalStorage\vexrobotics.vexcode\sdk\cpp\IQ2\IQ2_20231003_10_00_00/vexiq2/gcc/libs\libgcc.a(_arm_cmpdf2.o)
 .debug_frame   0x0000047c       0x20 c:\Users\mua30.BARKER\AppData\Roaming\Code\User\globalStorage\vexrobotics.vexcode\sdk\cpp\IQ2\IQ2_20231003_10_00_00/vexiq2/gcc/libs\libgcc.a(_arm_unorddf2.o)
 .debug_frame   0x0000049c       0x24 c:\Users\mua30.BARKER\AppData\Roaming\Code\User\globalStorage\vexrobotics.vexcode\sdk\cpp\IQ2\IQ2_20231003_10_00_00/vexiq2/gcc/libs\libgcc.a(_arm_fixdfsi.o)
 .debug_frame   0x000004c0       0x30 c:\Users\mua30.BARKER\AppData\Roaming\Code\User\globalStorage\vexrobotics.vexcode\sdk\cpp\IQ2\IQ2_20231003_10_00_00/vexiq2/gcc/libs\libc_nano.a(lib_a-malloc.o)
